Archive member included to satisfy reference by file (symbol)

c:/program files (x86)/gnu tools arm embedded/9 2019-q4-major/bin/../lib/gcc/arm-none-eabi/9.2.1/../../../../arm-none-eabi/lib/thumb/v7e-m+fp/hard\libc_nano.a(lib_a-ctype_.o)
                              _build/nrf52840_xxaa/nrf_log_str_formatter.c.o (_ctype_)
c:/program files (x86)/gnu tools arm embedded/9 2019-q4-major/bin/../lib/gcc/arm-none-eabi/9.2.1/../../../../arm-none-eabi/lib/thumb/v7e-m+fp/hard\libc_nano.a(lib_a-exit.o)
                              c:/program files (x86)/gnu tools arm embedded/9 2019-q4-major/bin/../lib/gcc/arm-none-eabi/9.2.1/../../../../arm-none-eabi/lib/thumb/v7e-m+fp/hard/crt0.o (exit)
c:/program files (x86)/gnu tools arm embedded/9 2019-q4-major/bin/../lib/gcc/arm-none-eabi/9.2.1/../../../../arm-none-eabi/lib/thumb/v7e-m+fp/hard\libc_nano.a(lib_a-impure.o)
                              c:/program files (x86)/gnu tools arm embedded/9 2019-q4-major/bin/../lib/gcc/arm-none-eabi/9.2.1/../../../../arm-none-eabi/lib/thumb/v7e-m+fp/hard\libc_nano.a(lib_a-exit.o) (_global_impure_ptr)
c:/program files (x86)/gnu tools arm embedded/9 2019-q4-major/bin/../lib/gcc/arm-none-eabi/9.2.1/../../../../arm-none-eabi/lib/thumb/v7e-m+fp/hard\libc_nano.a(lib_a-init.o)
                              c:/program files (x86)/gnu tools arm embedded/9 2019-q4-major/bin/../lib/gcc/arm-none-eabi/9.2.1/../../../../arm-none-eabi/lib/thumb/v7e-m+fp/hard/crt0.o (__libc_init_array)
c:/program files (x86)/gnu tools arm embedded/9 2019-q4-major/bin/../lib/gcc/arm-none-eabi/9.2.1/../../../../arm-none-eabi/lib/thumb/v7e-m+fp/hard\libc_nano.a(lib_a-memcmp.o)
                              _build/nrf52840_xxaa/main.c.o (memcmp)
c:/program files (x86)/gnu tools arm embedded/9 2019-q4-major/bin/../lib/gcc/arm-none-eabi/9.2.1/../../../../arm-none-eabi/lib/thumb/v7e-m+fp/hard\libc_nano.a(lib_a-memcpy-stub.o)
                              _build/nrf52840_xxaa/nrf_log_frontend.c.o (memcpy)
c:/program files (x86)/gnu tools arm embedded/9 2019-q4-major/bin/../lib/gcc/arm-none-eabi/9.2.1/../../../../arm-none-eabi/lib/thumb/v7e-m+fp/hard\libc_nano.a(lib_a-memset.o)
                              c:/program files (x86)/gnu tools arm embedded/9 2019-q4-major/bin/../lib/gcc/arm-none-eabi/9.2.1/../../../../arm-none-eabi/lib/thumb/v7e-m+fp/hard/crt0.o (memset)
c:/program files (x86)/gnu tools arm embedded/9 2019-q4-major/bin/../lib/gcc/arm-none-eabi/9.2.1/../../../../arm-none-eabi/lib/thumb/v7e-m+fp/hard\libc_nano.a(lib_a-strcpy.o)
                              _build/nrf52840_xxaa/SEGGER_RTT.c.o (strcpy)
c:/program files (x86)/gnu tools arm embedded/9 2019-q4-major/bin/../lib/gcc/arm-none-eabi/9.2.1/../../../../arm-none-eabi/lib/thumb/v7e-m+fp/hard\libc_nano.a(lib_a-strlen.o)
                              _build/nrf52840_xxaa/nrf_log_frontend.c.o (strlen)
c:/program files (x86)/gnu tools arm embedded/9 2019-q4-major/bin/../lib/gcc/arm-none-eabi/9.2.1/../../../../arm-none-eabi/lib/thumb/v7e-m+fp/hard\libnosys.a(_exit.o)
                              c:/program files (x86)/gnu tools arm embedded/9 2019-q4-major/bin/../lib/gcc/arm-none-eabi/9.2.1/../../../../arm-none-eabi/lib/thumb/v7e-m+fp/hard\libc_nano.a(lib_a-exit.o) (_exit)
c:/program files (x86)/gnu tools arm embedded/9 2019-q4-major/bin/../lib/gcc/arm-none-eabi/9.2.1/thumb/v7e-m+fp/hard\libgcc.a(_aeabi_ldivmod.o)
                              _build/nrf52840_xxaa/bsp.c.o (__aeabi_ldivmod)
c:/program files (x86)/gnu tools arm embedded/9 2019-q4-major/bin/../lib/gcc/arm-none-eabi/9.2.1/thumb/v7e-m+fp/hard\libgcc.a(_aeabi_uldivmod.o)
                              _build/nrf52840_xxaa/bsp.c.o (__aeabi_uldivmod)
c:/program files (x86)/gnu tools arm embedded/9 2019-q4-major/bin/../lib/gcc/arm-none-eabi/9.2.1/thumb/v7e-m+fp/hard\libgcc.a(_udivmoddi4.o)
                              c:/program files (x86)/gnu tools arm embedded/9 2019-q4-major/bin/../lib/gcc/arm-none-eabi/9.2.1/thumb/v7e-m+fp/hard\libgcc.a(_aeabi_ldivmod.o) (__udivmoddi4)
c:/program files (x86)/gnu tools arm embedded/9 2019-q4-major/bin/../lib/gcc/arm-none-eabi/9.2.1/thumb/v7e-m+fp/hard\libgcc.a(_dvmd_tls.o)
                              c:/program files (x86)/gnu tools arm embedded/9 2019-q4-major/bin/../lib/gcc/arm-none-eabi/9.2.1/thumb/v7e-m+fp/hard\libgcc.a(_aeabi_ldivmod.o) (__aeabi_ldiv0)

Allocating common symbols
Common symbol       size              file

nrf_nvic_state      0xc               _build/nrf52840_xxaa/app_util_platform.c.o
nrf_drv_uart_use_easy_dma
                    0x2               _build/nrf52840_xxaa/nrf_drv_uart.c.o
_SEGGER_RTT         0x78              _build/nrf52840_xxaa/SEGGER_RTT.c.o

Discarded input sections

 .text          0x00000000        0x0 c:/program files (x86)/gnu tools arm embedded/9 2019-q4-major/bin/../lib/gcc/arm-none-eabi/9.2.1/thumb/v7e-m+fp/hard/crti.o
[...]
Memory Configuration

Name             Origin             Length             Attributes
FLASH            0x00027000         0x000d9000         xr
RAM              0x20002260         0x0003dda0         xrw
*default*        0x00000000         0xffffffff

Linker script and memory map


.text           0x00027000    0x1151c
 *(.isr_vector)
 .isr_vector    0x00027000      0x200 _build/nrf52840_xxaa/gcc_startup_nrf52840.S.o
                0x00027000                __isr_vector
 *(.text*)
 .text          0x00027200       0x40 c:/program files (x86)/gnu tools arm embedded/9 2019-q4-major/bin/../lib/gcc/arm-none-eabi/9.2.1/thumb/v7e-m+fp/hard/crtbegin.o
 .text          0x00027240       0x74 c:/program files (x86)/gnu tools arm embedded/9 2019-q4-major/bin/../lib/gcc/arm-none-eabi/9.2.1/../../../../arm-none-eabi/lib/thumb/v7e-m+fp/hard/crt0.o
                0x00027240                _start
                0x00027240                _mainCRTStartup
 .text          0x000272b4       0x3c _build/nrf52840_xxaa/gcc_startup_nrf52840.S.o
                0x000272b4                Reset_Handler
                0x000272dc                NMI_Handler
                0x000272de                HardFault_Handler
                0x000272e0                MemoryManagement_Handler
                0x000272e2                BusFault_Handler
                0x000272e4                UsageFault_Handler
                0x000272e6                SVC_Handler
                0x000272e8                DebugMon_Handler
                0x000272ea                PendSV_Handler
                0x000272ec                SysTick_Handler
                0x000272ee                PDM_IRQHandler
                0x000272ee                TEMP_IRQHandler
                0x000272ee                QDEC_IRQHandler
                0x000272ee                TIMER3_IRQHandler
                0x000272ee                PWM3_IRQHandler
                0x000272ee                RTC0_IRQHandler
                0x000272ee                USBD_IRQHandler
                0x000272ee                SPIM0_SPIS0_TWIM0_TWIS0_SPI0_TWI0_IRQHandler
                0x000272ee                PWM1_IRQHandler
                0x000272ee                TIMER4_IRQHandler
                0x000272ee                RADIO_IRQHandler
                0x000272ee                I2S_IRQHandler
                0x000272ee                SWI4_EGU4_IRQHandler
                0x000272ee                FPU_IRQHandler
                0x000272ee                TIMER2_IRQHandler
                0x000272ee                UARTE1_IRQHandler
                0x000272ee                TIMER1_IRQHandler
                0x000272ee                SPIM3_IRQHandler
                0x000272ee                PWM2_IRQHandler
                0x000272ee                ECB_IRQHandler
                0x000272ee                SPIM1_SPIS1_TWIM1_TWIS1_SPI1_TWI1_IRQHandler
                0x000272ee                Default_Handler
                0x000272ee                SAADC_IRQHandler
                0x000272ee                CCM_AAR_IRQHandler
                0x000272ee                WDT_IRQHandler
                0x000272ee                CRYPTOCELL_IRQHandler
                0x000272ee                SWI5_EGU5_IRQHandler
                0x000272ee                RNG_IRQHandler
                0x000272ee                RTC2_IRQHandler
                0x000272ee                PWM0_IRQHandler
                0x000272ee                SWI3_EGU3_IRQHandler
                0x000272ee                SWI1_EGU1_IRQHandler
                0x000272ee                SPIM2_SPIS2_SPI2_IRQHandler
                0x000272ee                NFCT_IRQHandler
                0x000272ee                SWI0_EGU0_IRQHandler
                0x000272ee                MWU_IRQHandler
                0x000272ee                TIMER0_IRQHandler
                0x000272ee                QSPI_IRQHandler
                0x000272ee                COMP_LPCOMP_IRQHandler
 .text.nrf_log_backend_serial_put
                0x000272f0       0xd8 _build/nrf52840_xxaa/nrf_log_backend_serial.c.o
                0x000272f0                nrf_log_backend_serial_put
 .text.uart_evt_handler
                0x000273c8        0xc _build/nrf52840_xxaa/nrf_log_backend_uart.c.o
 .text.nrf_log_backend_uart_flush
                0x000273d4        0x4 _build/nrf52840_xxaa/nrf_log_backend_uart.c.o
 .text.nrf_log_backend_uart_put
                0x000273d8       0x20 _build/nrf52840_xxaa/nrf_log_backend_uart.c.o
 .text.serial_tx
                0x000273f8       0x4c _build/nrf52840_xxaa/nrf_log_backend_uart.c.o
 .text.nrf_log_backend_uart_panic_set
                0x00027444       0x7c _build/nrf52840_xxaa/nrf_log_backend_uart.c.o
 .text.nrf_log_backend_uart_init
                0x000274c0       0x68 _build/nrf52840_xxaa/nrf_log_backend_uart.c.o
                0x000274c0                nrf_log_backend_uart_init
 .text.nrf_log_default_backends_init
                0x00027528       0x20 _build/nrf52840_xxaa/nrf_log_default_backends.c.o
                0x00027528                nrf_log_default_backends_init
 .text.nrf_log_init
                0x00027548       0x40 _build/nrf52840_xxaa/nrf_log_frontend.c.o
                0x00027548                nrf_log_init
 .text.nrf_log_module_name_get
                0x00027588       0x48 _build/nrf52840_xxaa/nrf_log_frontend.c.o
                0x00027588                nrf_log_module_name_get
 .text.nrf_log_color_id_get
                0x000275d0       0x2c _build/nrf52840_xxaa/nrf_log_frontend.c.o
                0x000275d0                nrf_log_color_id_get
 .text.nrf_log_frontend_dequeue
                0x000275fc      0x274 _build/nrf52840_xxaa/nrf_log_frontend.c.o
                0x000275fc                nrf_log_frontend_dequeue
 .text.nrf_log_frontend_std_0
                0x00027870      0x1a0 _build/nrf52840_xxaa/nrf_log_frontend.c.o
                0x00027870                nrf_log_frontend_std_0
 .text.nrf_log_frontend_std_1
                0x00027a10      0x1b0 _build/nrf52840_xxaa/nrf_log_frontend.c.o
                0x00027a10                nrf_log_frontend_std_1
 .text.nrf_log_frontend_std_2
                0x00027bc0      0x1c0 _build/nrf52840_xxaa/nrf_log_frontend.c.o
                0x00027bc0                nrf_log_frontend_std_2
 .text.nrf_log_frontend_std_3
                0x00027d80      0x1cc _build/nrf52840_xxaa/nrf_log_frontend.c.o
                0x00027d80                nrf_log_frontend_std_3
 .text.nrf_log_frontend_std_4
                0x00027f4c      0x1e4 _build/nrf52840_xxaa/nrf_log_frontend.c.o
                0x00027f4c                nrf_log_frontend_std_4
 .text.nrf_log_backend_add
                0x00028130       0x5c _build/nrf52840_xxaa/nrf_log_frontend.c.o
                0x00028130                nrf_log_backend_add
 .text.nrf_log_panic
                0x0002818c       0x2c _build/nrf52840_xxaa/nrf_log_frontend.c.o
                0x0002818c                nrf_log_panic
 .text.prefix_process
                0x000281b8       0x80 _build/nrf52840_xxaa/nrf_log_str_formatter.c.o
 .text.nrf_log_std_entry_process
                0x00028238       0xf0 _build/nrf52840_xxaa/nrf_log_str_formatter.c.o
                0x00028238                nrf_log_std_entry_process
 .text.nrf_log_hexdump_entry_process
                0x00028328       0xfc _build/nrf52840_xxaa/nrf_log_str_formatter.c.o
                0x00028328                nrf_log_hexdump_entry_process
 .text.gpiote_event_handler
                0x00028424       0x74 _build/nrf52840_xxaa/app_button.c.o
 .text.detection_delay_timeout_handler
                0x00028498      0x264 _build/nrf52840_xxaa/app_button.c.o
 .text.app_button_init
                0x000286fc       0xc0 _build/nrf52840_xxaa/app_button.c.o
                0x000286fc                app_button_init
 .text.app_button_enable
                0x000287bc       0x2c _build/nrf52840_xxaa/app_button.c.o
                0x000287bc                app_button_enable
 .text.app_error_handler_bare
                0x000287e8       0x20 _build/nrf52840_xxaa/app_error.c.o
                0x000287e8                app_error_handler_bare
 .text.app_error_fault_handler
                0x00028808       0x70 _build/nrf52840_xxaa/app_error_weak.c.o
                0x00028808                app_error_fault_handler
 .text.compare_func
                0x00028878       0x18 _build/nrf52840_xxaa/app_timer2.c.o
 .text.rtc_irq  0x00028890      0x318 _build/nrf52840_xxaa/app_timer2.c.o
 .text.app_timer_init
                0x00028ba8       0x6c _build/nrf52840_xxaa/app_timer2.c.o
                0x00028ba8                app_timer_init
 .text.app_timer_create
                0x00028c14       0x1c _build/nrf52840_xxaa/app_timer2.c.o
                0x00028c14                app_timer_create
 .text.app_timer_start
                0x00028c30       0x8c _build/nrf52840_xxaa/app_timer2.c.o
                0x00028c30                app_timer_start
 .text.app_timer_stop
                0x00028cbc       0x44 _build/nrf52840_xxaa/app_timer2.c.o
                0x00028cbc                app_timer_stop
 .text.app_util_critical_region_enter
                0x00028d00       0x4c _build/nrf52840_xxaa/app_util_platform.c.o
                0x00028d00                app_util_critical_region_enter
 .text.app_util_critical_region_exit
                0x00028d4c       0x30 _build/nrf52840_xxaa/app_util_platform.c.o
                0x00028d4c                app_util_critical_region_exit
 .text.drv_rtc_init
                0x00028d7c       0xbc _build/nrf52840_xxaa/drv_rtc.c.o
                0x00028d7c                drv_rtc_init
 .text.drv_rtc_start
                0x00028e38        0x8 _build/nrf52840_xxaa/drv_rtc.c.o
                0x00028e38                drv_rtc_start
 .text.drv_rtc_stop
                0x00028e40        0x8 _build/nrf52840_xxaa/drv_rtc.c.o
                0x00028e40                drv_rtc_stop
 .text.drv_rtc_compare_set
                0x00028e48       0x4c _build/nrf52840_xxaa/drv_rtc.c.o
                0x00028e48                drv_rtc_compare_set
 .text.drv_rtc_windowed_compare_set
                0x00028e94       0xf8 _build/nrf52840_xxaa/drv_rtc.c.o
                0x00028e94                drv_rtc_windowed_compare_set
 .text.drv_rtc_overflow_enable
                0x00028f8c       0x14 _build/nrf52840_xxaa/drv_rtc.c.o
                0x00028f8c                drv_rtc_overflow_enable
 .text.drv_rtc_overflow_pending
                0x00028fa0       0x20 _build/nrf52840_xxaa/drv_rtc.c.o
                0x00028fa0                drv_rtc_overflow_pending
 .text.drv_rtc_compare_disable
                0x00028fc0       0x18 _build/nrf52840_xxaa/drv_rtc.c.o
                0x00028fc0                drv_rtc_compare_disable
 .text.drv_rtc_compare_pending
                0x00028fd8       0x20 _build/nrf52840_xxaa/drv_rtc.c.o
                0x00028fd8                drv_rtc_compare_pending
 .text.drv_rtc_counter_get
                0x00028ff8        0x8 _build/nrf52840_xxaa/drv_rtc.c.o
                0x00028ff8                drv_rtc_counter_get
 .text.drv_rtc_irq_trigger
                0x00029000       0x20 _build/nrf52840_xxaa/drv_rtc.c.o
                0x00029000                drv_rtc_irq_trigger
 .text.RTC1_IRQHandler
                0x00029020       0x14 _build/nrf52840_xxaa/drv_rtc.c.o
                0x00029020                RTC1_IRQHandler
 .text.page_scan
                0x00029034       0xc4 _build/nrf52840_xxaa/fds.c.o
 .text.record_find_by_desc
                0x000290f8       0xe0 _build/nrf52840_xxaa/fds.c.o
 .text.queue_process
                0x000291d8      0x9a4 _build/nrf52840_xxaa/fds.c.o
 .text.fs_event_handler
                0x00029b7c        0x8 _build/nrf52840_xxaa/fds.c.o
 .text.fds_register
                0x00029b84       0x30 _build/nrf52840_xxaa/fds.c.o
                0x00029b84                fds_register
 .text.fds_init
                0x00029bb4      0x294 _build/nrf52840_xxaa/fds.c.o
                0x00029bb4                fds_init
 .text.fds_record_open
                0x00029e48       0x5c _build/nrf52840_xxaa/fds.c.o
                0x00029e48                fds_record_open
 .text.fds_record_close
                0x00029ea4       0x54 _build/nrf52840_xxaa/fds.c.o
                0x00029ea4                fds_record_close
 .text.fds_record_write
                0x00029ef8      0x164 _build/nrf52840_xxaa/fds.c.o
                0x00029ef8                fds_record_write
 .text.fds_record_update
                0x0002a05c      0x16c _build/nrf52840_xxaa/fds.c.o
                0x0002a05c                fds_record_update
 .text.fds_file_delete
                0x0002a1c8       0x84 _build/nrf52840_xxaa/fds.c.o
                0x0002a1c8                fds_file_delete
 .text.fds_gc   0x0002a24c       0x78 _build/nrf52840_xxaa/fds.c.o
                0x0002a24c                fds_gc
 .text.fds_record_find
                0x0002a2c4       0xdc _build/nrf52840_xxaa/fds.c.o
                0x0002a2c4                fds_record_find
 .text.fds_record_find_by_key
                0x0002a3a0       0xd0 _build/nrf52840_xxaa/fds.c.o
                0x0002a3a0                fds_record_find_by_key
 .text.fds_record_find_in_file
                0x0002a470       0xd0 _build/nrf52840_xxaa/fds.c.o
                0x0002a470                fds_record_find_in_file
 .text.fds_record_id_from_desc
                0x0002a540       0x14 _build/nrf52840_xxaa/fds.c.o
                0x0002a540                fds_record_id_from_desc
 .text.fds_stat
                0x0002a554      0x178 _build/nrf52840_xxaa/fds.c.o
                0x0002a554                fds_stat
 .text.nrf_atfifo_init
                0x0002a6cc       0x30 _build/nrf52840_xxaa/nrf_atfifo.c.o
                0x0002a6cc                nrf_atfifo_init
 .text.nrf_atfifo_clear
                0x0002a6fc       0x44 _build/nrf52840_xxaa/nrf_atfifo.c.o
                0x0002a6fc                nrf_atfifo_clear
 .text.nrf_atfifo_item_alloc
                0x0002a740       0x5c _build/nrf52840_xxaa/nrf_atfifo.c.o
                0x0002a740                nrf_atfifo_item_alloc
 .text.nrf_atfifo_item_put
                0x0002a79c       0x20 _build/nrf52840_xxaa/nrf_atfifo.c.o
                0x0002a79c                nrf_atfifo_item_put
 .text.nrf_atfifo_item_get
                0x0002a7bc       0x60 _build/nrf52840_xxaa/nrf_atfifo.c.o
                0x0002a7bc                nrf_atfifo_item_get
 .text.nrf_atfifo_item_free
                0x0002a81c       0x20 _build/nrf52840_xxaa/nrf_atfifo.c.o
                0x0002a81c                nrf_atfifo_item_free
 .text.nrf_atflags_set
                0x0002a83c       0x14 _build/nrf52840_xxaa/nrf_atflags.c.o
                0x0002a83c                nrf_atflags_set
 .text.nrf_atflags_fetch_set
                0x0002a850       0x1c _build/nrf52840_xxaa/nrf_atflags.c.o
                0x0002a850                nrf_atflags_fetch_set
 .text.nrf_atflags_clear
                0x0002a86c       0x14 _build/nrf52840_xxaa/nrf_atflags.c.o
                0x0002a86c                nrf_atflags_clear
 .text.nrf_atflags_get
                0x0002a880       0x14 _build/nrf52840_xxaa/nrf_atflags.c.o
                0x0002a880                nrf_atflags_get
 .text.nrf_atflags_find_and_set_flag
                0x0002a894       0x94 _build/nrf52840_xxaa/nrf_atflags.c.o
                0x0002a894                nrf_atflags_find_and_set_flag
 .text.nrf_atomic_u32_fetch_store
                0x0002a928       0x1c _build/nrf52840_xxaa/nrf_atomic.c.o
                0x0002a928                nrf_atomic_u32_fetch_store
 .text.nrf_atomic_u32_fetch_or
                0x0002a944       0x1c _build/nrf52840_xxaa/nrf_atomic.c.o
                0x0002a944                nrf_atomic_u32_fetch_or
 .text.nrf_atomic_u32_or
                0x0002a960       0x1c _build/nrf52840_xxaa/nrf_atomic.c.o
                0x0002a960                nrf_atomic_u32_or
 .text.nrf_atomic_u32_and
                0x0002a97c       0x1c _build/nrf52840_xxaa/nrf_atomic.c.o
                0x0002a97c                nrf_atomic_u32_and
 .text.nrf_atomic_u32_fetch_add
                0x0002a998       0x1c _build/nrf52840_xxaa/nrf_atomic.c.o
                0x0002a998                nrf_atomic_u32_fetch_add
 .text.nrf_atomic_u32_add
                0x0002a9b4       0x1c _build/nrf52840_xxaa/nrf_atomic.c.o
                0x0002a9b4                nrf_atomic_u32_add
 .text.nrf_atomic_u32_sub
                0x0002a9d0       0x1c _build/nrf52840_xxaa/nrf_atomic.c.o
                0x0002a9d0                nrf_atomic_u32_sub
 .text.nrf_atomic_flag_set_fetch
                0x0002a9ec       0x20 _build/nrf52840_xxaa/nrf_atomic.c.o
                0x0002a9ec                nrf_atomic_flag_set_fetch
 .text.nrf_atomic_flag_set
                0x0002aa0c       0x20 _build/nrf52840_xxaa/nrf_atomic.c.o
                0x0002aa0c                nrf_atomic_flag_set
 .text.nrf_atomic_flag_clear_fetch
                0x0002aa2c       0x20 _build/nrf52840_xxaa/nrf_atomic.c.o
                0x0002aa2c                nrf_atomic_flag_clear_fetch
 .text.nrf_balloc_init
                0x0002aa4c       0x38 _build/nrf52840_xxaa/nrf_balloc.c.o
                0x0002aa4c                nrf_balloc_init
 .text.nrf_balloc_alloc
                0x0002aa84       0x50 _build/nrf52840_xxaa/nrf_balloc.c.o
                0x0002aa84                nrf_balloc_alloc
 .text.nrf_balloc_free
                0x0002aad4       0x38 _build/nrf52840_xxaa/nrf_balloc.c.o
                0x0002aad4                nrf_balloc_free
 .text.nrf_fprintf_buffer_flush
                0x0002ab0c       0x18 _build/nrf52840_xxaa/nrf_fprintf.c.o
                0x0002ab0c                nrf_fprintf_buffer_flush
 .text.nrf_fprintf
                0x0002ab24       0x20 _build/nrf52840_xxaa/nrf_fprintf.c.o
                0x0002ab24                nrf_fprintf
 .text.unsigned_print
                0x0002ab44      0x14c _build/nrf52840_xxaa/nrf_fprintf_format.c.o
 .text.nrf_fprintf_fmt
                0x0002ac90      0x5cc _build/nrf52840_xxaa/nrf_fprintf_format.c.o
                0x0002ac90                nrf_fprintf_fmt
 .text.nrf_fstorage_init
                0x0002b25c       0x5c _build/nrf52840_xxaa/nrf_fstorage.c.o
                0x0002b25c                nrf_fstorage_init
 .text.nrf_fstorage_write
                0x0002b2b8      0x13c _build/nrf52840_xxaa/nrf_fstorage.c.o
                0x0002b2b8                nrf_fstorage_write
 .text.nrf_fstorage_erase
                0x0002b3f4       0xf4 _build/nrf52840_xxaa/nrf_fstorage.c.o
                0x0002b3f4                nrf_fstorage_erase
 .text.sd_flash_write
                0x0002b4e8        0x4 _build/nrf52840_xxaa/nrf_fstorage_sd.c.o
 .text.sd_flash_page_erase
                0x0002b4ec        0x4 _build/nrf52840_xxaa/nrf_fstorage_sd.c.o
 .text.rmap     0x0002b4f0        0x4 _build/nrf52840_xxaa/nrf_fstorage_sd.c.o
 .text.wmap     0x0002b4f4        0x4 _build/nrf52840_xxaa/nrf_fstorage_sd.c.o
 .text.is_busy  0x0002b4f8       0x10 _build/nrf52840_xxaa/nrf_fstorage_sd.c.o
 .text.nrf_fstorage_sdh_req_handler
                0x0002b508       0x14 _build/nrf52840_xxaa/nrf_fstorage_sd.c.o
                0x0002b508                nrf_fstorage_sdh_req_handler
 .text.read     0x0002b51c       0x10 _build/nrf52840_xxaa/nrf_fstorage_sd.c.o
 .text.uninit   0x0002b52c       0x20 _build/nrf52840_xxaa/nrf_fstorage_sd.c.o
 .text.init     0x0002b54c       0x3c _build/nrf52840_xxaa/nrf_fstorage_sd.c.o
 .text.queue_process
                0x0002b588       0xf8 _build/nrf52840_xxaa/nrf_fstorage_sd.c.o
 .text.nrf_fstorage_sys_evt_handler
                0x0002b680       0xe8 _build/nrf52840_xxaa/nrf_fstorage_sd.c.o
                0x0002b680                nrf_fstorage_sys_evt_handler
 .text.write    0x0002b768       0x7c _build/nrf52840_xxaa/nrf_fstorage_sd.c.o
 .text.erase    0x0002b7e4       0x78 _build/nrf52840_xxaa/nrf_fstorage_sd.c.o
 .text.nrf_fstorage_sdh_state_handler
                0x0002b85c      0x10c _build/nrf52840_xxaa/nrf_fstorage_sd.c.o
                0x0002b85c                nrf_fstorage_sdh_state_handler
 .text.nrf_memobj_pool_init
                0x0002b968        0x4 _build/nrf52840_xxaa/nrf_memobj.c.o
                0x0002b968                nrf_memobj_pool_init
 .text.nrf_memobj_alloc
                0x0002b96c       0x94 _build/nrf52840_xxaa/nrf_memobj.c.o
                0x0002b96c                nrf_memobj_alloc
 .text.nrf_memobj_free
                0x0002ba00       0x3c _build/nrf52840_xxaa/nrf_memobj.c.o
                0x0002ba00                nrf_memobj_free
 .text.nrf_memobj_get
                0x0002ba3c        0x8 _build/nrf52840_xxaa/nrf_memobj.c.o
                0x0002ba3c                nrf_memobj_get
 .text.nrf_memobj_put
                0x0002ba44       0x58 _build/nrf52840_xxaa/nrf_memobj.c.o
                0x0002ba44                nrf_memobj_put
 .text.nrf_memobj_write
                0x0002ba9c       0x68 _build/nrf52840_xxaa/nrf_memobj.c.o
                0x0002ba9c                nrf_memobj_write
 .text.nrf_memobj_read
                0x0002bb04       0x68 _build/nrf52840_xxaa/nrf_memobj.c.o
                0x0002bb04                nrf_memobj_read
 .text.sd_app_evt_wait
                0x0002bb6c        0x4 _build/nrf52840_xxaa/nrf_pwr_mgmt.c.o
 .text.nrf_pwr_mgmt_init
                0x0002bb70       0x2c _build/nrf52840_xxaa/nrf_pwr_mgmt.c.o
                0x0002bb70                nrf_pwr_mgmt_init
 .text.nrf_pwr_mgmt_run
                0x0002bb9c       0x54 _build/nrf52840_xxaa/nrf_pwr_mgmt.c.o
                0x0002bb9c                nrf_pwr_mgmt_run
 .text.nrf_queue_push
                0x0002bbf0       0xe8 _build/nrf52840_xxaa/nrf_queue.c.o
                0x0002bbf0                nrf_queue_push
 .text.nrf_queue_generic_pop
                0x0002bcd8       0xd8 _build/nrf52840_xxaa/nrf_queue.c.o
                0x0002bcd8                nrf_queue_generic_pop
 .text.nrf_queue_is_empty
                0x0002bdb0       0x10 _build/nrf52840_xxaa/nrf_queue.c.o
                0x0002bdb0                nrf_queue_is_empty
 .text.nrf_ringbuf_init
                0x0002bdc0       0x1c _build/nrf52840_xxaa/nrf_ringbuf.c.o
                0x0002bdc0                nrf_ringbuf_init
 .text.nrf_section_iter_init
                0x0002bddc       0x14 _build/nrf52840_xxaa/nrf_section_iter.c.o
                0x0002bddc                nrf_section_iter_init
 .text.nrf_section_iter_next
                0x0002bdf0       0x18 _build/nrf52840_xxaa/nrf_section_iter.c.o
                0x0002bdf0                nrf_section_iter_next
 .text.nrf_sortlist_add
                0x0002be08       0x28 _build/nrf52840_xxaa/nrf_sortlist.c.o
                0x0002be08                nrf_sortlist_add
 .text.nrf_sortlist_pop
                0x0002be30        0xc _build/nrf52840_xxaa/nrf_sortlist.c.o
                0x0002be30                nrf_sortlist_pop
 .text.nrf_sortlist_peek
                0x0002be3c        0x8 _build/nrf52840_xxaa/nrf_sortlist.c.o
                0x0002be3c                nrf_sortlist_peek
 .text.nrf_sortlist_remove
                0x0002be44       0x1c _build/nrf52840_xxaa/nrf_sortlist.c.o
                0x0002be44                nrf_sortlist_remove
 .text.nrf_strerror_get
                0x0002be60       0x50 _build/nrf52840_xxaa/nrf_strerror.c.o
                0x0002be60                nrf_strerror_get
 .text.sensorsim_init
                0x0002beb0       0x1c _build/nrf52840_xxaa/sensorsim.c.o
                0x0002beb0                sensorsim_init
 .text.sensorsim_measure
                0x0002becc       0x54 _build/nrf52840_xxaa/sensorsim.c.o
                0x0002becc                sensorsim_measure
 .text.SystemInit
                0x0002bf20      0x1c4 _build/nrf52840_xxaa/system_nrf52840.c.o
                0x0002bf20                SystemInit
 .text.bsp_board_led_state_get
                0x0002c0e4       0x28 _build/nrf52840_xxaa/boards.c.o
                0x0002c0e4                bsp_board_led_state_get
 .text.bsp_board_led_on
                0x0002c10c       0x24 _build/nrf52840_xxaa/boards.c.o
                0x0002c10c                bsp_board_led_on
 .text.bsp_board_led_off
                0x0002c130       0x24 _build/nrf52840_xxaa/boards.c.o
                0x0002c130                bsp_board_led_off
 .text.bsp_board_leds_off
                0x0002c154       0x18 _build/nrf52840_xxaa/boards.c.o
                0x0002c154                bsp_board_leds_off
 .text.bsp_board_leds_on
                0x0002c16c       0x18 _build/nrf52840_xxaa/boards.c.o
                0x0002c16c                bsp_board_leds_on
 .text.bsp_board_led_invert
                0x0002c184       0x34 _build/nrf52840_xxaa/boards.c.o
                0x0002c184                bsp_board_led_invert
 .text.bsp_board_button_state_get
                0x0002c1b8       0x14 _build/nrf52840_xxaa/boards.c.o
                0x0002c1b8                bsp_board_button_state_get
 .text.bsp_board_pin_to_button_idx
                0x0002c1cc        0xc _build/nrf52840_xxaa/boards.c.o
                0x0002c1cc                bsp_board_pin_to_button_idx
 .text.bsp_board_button_idx_to_pin
                0x0002c1d8        0x4 _build/nrf52840_xxaa/boards.c.o
                0x0002c1d8                bsp_board_button_idx_to_pin
 .text.bsp_board_init
                0x0002c1dc       0x48 _build/nrf52840_xxaa/boards.c.o
                0x0002c1dc                bsp_board_init
 .text.clock_irq_handler
                0x0002c224       0x44 _build/nrf52840_xxaa/nrf_drv_clock.c.o
 .text.soc_evt_handler
                0x0002c268       0x28 _build/nrf52840_xxaa/nrf_drv_clock.c.o
 .text.sd_state_evt_handler
                0x0002c290       0xa8 _build/nrf52840_xxaa/nrf_drv_clock.c.o
 .text.uarte_evt_handler
                0x0002c338       0x34 _build/nrf52840_xxaa/nrf_drv_uart.c.o
 .text.uart_evt_handler
                0x0002c36c       0x34 _build/nrf52840_xxaa/nrf_drv_uart.c.o
 .text.nrf_drv_uart_init
                0x0002c3a0       0x88 _build/nrf52840_xxaa/nrf_drv_uart.c.o
                0x0002c3a0                nrf_drv_uart_init
 .text.nrfx_clock_init
                0x0002c428       0x18 _build/nrf52840_xxaa/nrfx_clock.c.o
                0x0002c428                nrfx_clock_init
 .text.nrfx_clock_enable
                0x0002c440       0x24 _build/nrf52840_xxaa/nrfx_clock.c.o
                0x0002c440                nrfx_clock_enable
 .text.nrfx_clock_lfclk_stop
                0x0002c464       0x18 _build/nrf52840_xxaa/nrfx_clock.c.o
                0x0002c464                nrfx_clock_lfclk_stop
 .text.POWER_CLOCK_IRQHandler
                0x0002c47c       0x6c _build/nrf52840_xxaa/nrfx_clock.c.o
                0x0002c47c                POWER_CLOCK_IRQHandler
 .text.nrfx_gpiote_init
                0x0002c4e8       0x9c _build/nrf52840_xxaa/nrfx_gpiote.c.o
                0x0002c4e8                nrfx_gpiote_init
 .text.nrfx_gpiote_is_init
                0x0002c584       0x14 _build/nrf52840_xxaa/nrfx_gpiote.c.o
                0x0002c584                nrfx_gpiote_is_init
 .text.nrfx_gpiote_in_init
                0x0002c598      0x1e4 _build/nrf52840_xxaa/nrfx_gpiote.c.o
                0x0002c598                nrfx_gpiote_in_init
 .text.nrfx_gpiote_in_event_enable
                0x0002c77c       0xd8 _build/nrf52840_xxaa/nrfx_gpiote.c.o
                0x0002c77c                nrfx_gpiote_in_event_enable
 .text.nrfx_gpiote_in_is_set
                0x0002c854       0x20 _build/nrf52840_xxaa/nrfx_gpiote.c.o
                0x0002c854                nrfx_gpiote_in_is_set
 .text.GPIOTE_IRQHandler
                0x0002c874      0x5a0 _build/nrf52840_xxaa/nrfx_gpiote.c.o
                0x0002c874                GPIOTE_IRQHandler
 .text.UARTE0_UART0_IRQHandler
                0x0002ce14        0xc _build/nrf52840_xxaa/nrfx_prs.c.o
                0x0002ce14                UARTE0_UART0_IRQHandler
 .text.nrfx_prs_acquire
                0x0002ce20       0x50 _build/nrf52840_xxaa/nrfx_prs.c.o
                0x0002ce20                nrfx_prs_acquire
 .text.nrfx_prs_release
                0x0002ce70       0x18 _build/nrf52840_xxaa/nrfx_prs.c.o
                0x0002ce70                nrfx_prs_release
 .text.nrfx_uart_0_irq_handler
                0x0002ce88      0x1c4 _build/nrf52840_xxaa/nrfx_uart.c.o
                0x0002ce88                nrfx_uart_0_irq_handler
 .text.nrfx_uart_init
                0x0002d04c      0x1e8 _build/nrf52840_xxaa/nrfx_uart.c.o
                0x0002d04c                nrfx_uart_init
 .text.nrfx_uart_uninit
                0x0002d234       0xfc _build/nrf52840_xxaa/nrfx_uart.c.o
                0x0002d234                nrfx_uart_uninit
 .text.nrfx_uart_tx
                0x0002d330       0xd0 _build/nrf52840_xxaa/nrfx_uart.c.o
                0x0002d330                nrfx_uart_tx
 .text.nrfx_uarte_0_irq_handler
                0x0002d400      0x168 _build/nrf52840_xxaa/nrfx_uarte.c.o
                0x0002d400                nrfx_uarte_0_irq_handler
 .text.nrfx_uarte_init
                0x0002d568      0x220 _build/nrf52840_xxaa/nrfx_uarte.c.o
                0x0002d568                nrfx_uarte_init
 .text.nrfx_uarte_uninit
                0x0002d788      0x138 _build/nrf52840_xxaa/nrfx_uarte.c.o
                0x0002d788                nrfx_uarte_uninit
 .text.nrfx_uarte_tx
                0x0002d8c0       0xb4 _build/nrf52840_xxaa/nrfx_uarte.c.o
                0x0002d8c0                nrfx_uarte_tx
 .text.alert_timer_handler
                0x0002d974        0x8 _build/nrf52840_xxaa/bsp.c.o
 .text.bsp_button_event_handler
                0x0002d97c       0x84 _build/nrf52840_xxaa/bsp.c.o
 .text.button_timer_handler
                0x0002da00       0x28 _build/nrf52840_xxaa/bsp.c.o
 .text.leds_timer_handler
                0x0002da28      0x2c4 _build/nrf52840_xxaa/bsp.c.o
 .text.bsp_button_is_pressed
                0x0002dcec        0xc _build/nrf52840_xxaa/bsp.c.o
                0x0002dcec                bsp_button_is_pressed
 .text.bsp_indication_set
                0x0002dcf8      0x304 _build/nrf52840_xxaa/bsp.c.o
                0x0002dcf8                bsp_indication_set
 .text.bsp_init
                0x0002dffc       0xb0 _build/nrf52840_xxaa/bsp.c.o
                0x0002dffc                bsp_init
 .text.bsp_event_to_button_action_assign
                0x0002e0ac       0x3c _build/nrf52840_xxaa/bsp.c.o
                0x0002e0ac                bsp_event_to_button_action_assign
 .text.bsp_wakeup_button_enable
                0x0002e0e8       0x40 _build/nrf52840_xxaa/bsp.c.o
                0x0002e0e8                bsp_wakeup_button_enable
 .text.ble_evt_handler
                0x0002e128       0xac _build/nrf52840_xxaa/bsp_btn_ble.c.o
 .text.bsp_btn_ble_sleep_mode_prepare
                0x0002e1d4       0x24 _build/nrf52840_xxaa/bsp_btn_ble.c.o
                0x0002e1d4                bsp_btn_ble_sleep_mode_prepare
 .text.bsp_btn_ble_init
                0x0002e1f8       0x6c _build/nrf52840_xxaa/bsp_btn_ble.c.o
                0x0002e1f8                bsp_btn_ble_init
 .text.sd_ble_gap_disconnect
                0x0002e264        0x4 _build/nrf52840_xxaa/main.c.o
 .text.sd_ble_gap_appearance_set
                0x0002e268        0x4 _build/nrf52840_xxaa/main.c.o
 .text.sd_ble_gap_ppcp_set
                0x0002e26c        0x4 _build/nrf52840_xxaa/main.c.o
 .text.sd_ble_gap_device_name_set
                0x0002e270        0x4 _build/nrf52840_xxaa/main.c.o
 .text.sd_ble_gap_phy_update
                0x0002e274        0x4 _build/nrf52840_xxaa/main.c.o
 .text.sd_power_system_off
                0x0002e278        0x4 _build/nrf52840_xxaa/main.c.o
 .text.service_error_handler
                0x0002e27c        0x4 _build/nrf52840_xxaa/main.c.o
 .text.battery_level_meas_timeout_handler
                0x0002e280       0x44 _build/nrf52840_xxaa/main.c.o
 .text.ble_evt_handler
                0x0002e2c4       0xc0 _build/nrf52840_xxaa/main.c.o
 .text.on_conn_params_evt
                0x0002e384       0x24 _build/nrf52840_xxaa/main.c.o
 .text.temperature_measurement_send.part.0
                0x0002e3a8       0xb0 _build/nrf52840_xxaa/main.c.o
 .text.bsp_event_handler
                0x0002e458       0x98 _build/nrf52840_xxaa/main.c.o
 .text.on_hts_evt
                0x0002e4f0       0x24 _build/nrf52840_xxaa/main.c.o
 .text.nus_data_handler
                0x0002e514       0x40 _build/nrf52840_xxaa/main.c.o
 .text.conn_params_error_handler
                0x0002e554        0x4 _build/nrf52840_xxaa/main.c.o
 .text.nrf_qwr_error_handler
                0x0002e558        0x4 _build/nrf52840_xxaa/main.c.o
 .text.pm_evt_handler
                0x0002e55c       0x64 _build/nrf52840_xxaa/main.c.o
 .text.on_adv_evt
                0x0002e5c0       0x60 _build/nrf52840_xxaa/main.c.o
 .text.startup.main
                0x0002e620      0x3fc _build/nrf52840_xxaa/main.c.o
                0x0002e620                main
 .text.sd_ble_gap_addr_get
                0x0002ea1c        0x4 _build/nrf52840_xxaa/ble_advdata.c.o
 .text.sd_ble_gap_appearance_get
                0x0002ea20        0x4 _build/nrf52840_xxaa/ble_advdata.c.o
 .text.sd_ble_gap_device_name_get
                0x0002ea24        0x4 _build/nrf52840_xxaa/ble_advdata.c.o
 .text.sd_ble_uuid_encode
                0x0002ea28        0x4 _build/nrf52840_xxaa/ble_advdata.c.o
 .text.uuid_list_sized_encode.isra.0
                0x0002ea2c       0xf0 _build/nrf52840_xxaa/ble_advdata.c.o
 .text.ble_advdata_encode
                0x0002eb1c      0x40c _build/nrf52840_xxaa/ble_advdata.c.o
                0x0002eb1c                ble_advdata_encode
 .text.ble_advdata_parse
                0x0002ef28       0x58 _build/nrf52840_xxaa/ble_advdata.c.o
                0x0002ef28                ble_advdata_parse
 .text.sd_ble_gap_adv_set_configure
                0x0002ef80        0x4 _build/nrf52840_xxaa/ble_advertising.c.o
 .text.sd_ble_gap_adv_start
                0x0002ef84        0x4 _build/nrf52840_xxaa/ble_advertising.c.o
 .text.sd_ble_gap_adv_stop
                0x0002ef88        0x4 _build/nrf52840_xxaa/ble_advertising.c.o
 .text.ble_advertising_start.part.0
                0x0002ef8c      0x2f0 _build/nrf52840_xxaa/ble_advertising.c.o
 .text.ble_advertising_conn_cfg_tag_set
                0x0002f27c        0x8 _build/nrf52840_xxaa/ble_advertising.c.o
                0x0002f27c                ble_advertising_conn_cfg_tag_set
 .text.ble_advertising_init
                0x0002f284       0xf8 _build/nrf52840_xxaa/ble_advertising.c.o
                0x0002f284                ble_advertising_init
 .text.ble_advertising_start
                0x0002f37c        0xc _build/nrf52840_xxaa/ble_advertising.c.o
                0x0002f37c                ble_advertising_start
 .text.ble_advertising_on_ble_evt
                0x0002f388       0x8c _build/nrf52840_xxaa/ble_advertising.c.o
                0x0002f388                ble_advertising_on_ble_evt
 .text.ble_advertising_restart_without_whitelist
                0x0002f414       0x60 _build/nrf52840_xxaa/ble_advertising.c.o
                0x0002f414                ble_advertising_restart_without_whitelist
 .text.sd_ble_gap_conn_param_update
                0x0002f474        0x4 _build/nrf52840_xxaa/ble_conn_params.c.o
 .text.sd_ble_gap_disconnect
                0x0002f478        0x4 _build/nrf52840_xxaa/ble_conn_params.c.o
 .text.sd_ble_gap_ppcp_set
                0x0002f47c        0x4 _build/nrf52840_xxaa/ble_conn_params.c.o
 .text.sd_ble_gap_ppcp_get
                0x0002f480        0x4 _build/nrf52840_xxaa/ble_conn_params.c.o
 .text.update_timeout_handler
                0x0002f484       0x78 _build/nrf52840_xxaa/ble_conn_params.c.o
 .text.ble_evt_handler
                0x0002f4fc      0x1d4 _build/nrf52840_xxaa/ble_conn_params.c.o
 .text.ble_conn_params_init
                0x0002f6d0       0x78 _build/nrf52840_xxaa/ble_conn_params.c.o
                0x0002f6d0                ble_conn_params_init
 .text.ble_evt_handler
                0x0002f748      0x160 _build/nrf52840_xxaa/ble_conn_state.c.o
 .text.ble_conn_state_valid
                0x0002f8a8       0x14 _build/nrf52840_xxaa/ble_conn_state.c.o
                0x0002f8a8                ble_conn_state_valid
 .text.ble_conn_state_role
                0x0002f8bc       0x34 _build/nrf52840_xxaa/ble_conn_state.c.o
                0x0002f8bc                ble_conn_state_role
 .text.ble_conn_state_status
                0x0002f8f0       0x34 _build/nrf52840_xxaa/ble_conn_state.c.o
                0x0002f8f0                ble_conn_state_status
 .text.ble_conn_state_encrypted
                0x0002f924       0x30 _build/nrf52840_xxaa/ble_conn_state.c.o
                0x0002f924                ble_conn_state_encrypted
 .text.ble_conn_state_mitm_protected
                0x0002f954       0x30 _build/nrf52840_xxaa/ble_conn_state.c.o
                0x0002f954                ble_conn_state_mitm_protected
 .text.ble_conn_state_lesc
                0x0002f984       0x30 _build/nrf52840_xxaa/ble_conn_state.c.o
                0x0002f984                ble_conn_state_lesc
 .text.ble_conn_state_conn_handles
                0x0002f9b4       0x50 _build/nrf52840_xxaa/ble_conn_state.c.o
                0x0002f9b4                ble_conn_state_conn_handles
 .text.ble_conn_state_conn_idx
                0x0002fa04       0x24 _build/nrf52840_xxaa/ble_conn_state.c.o
                0x0002fa04                ble_conn_state_conn_idx
 .text.ble_conn_state_user_flag_acquire
                0x0002fa28       0x14 _build/nrf52840_xxaa/ble_conn_state.c.o
                0x0002fa28                ble_conn_state_user_flag_acquire
 .text.ble_conn_state_user_flag_get
                0x0002fa3c       0x38 _build/nrf52840_xxaa/ble_conn_state.c.o
                0x0002fa3c                ble_conn_state_user_flag_get
 .text.ble_conn_state_user_flag_set
                0x0002fa74       0x44 _build/nrf52840_xxaa/ble_conn_state.c.o
                0x0002fa74                ble_conn_state_user_flag_set
 .text.ble_conn_state_for_each_set_user_flag
                0x0002fab8       0x5c _build/nrf52840_xxaa/ble_conn_state.c.o
                0x0002fab8                ble_conn_state_for_each_set_user_flag
 .text.sd_ble_gatts_characteristic_add
                0x0002fb14        0x4 _build/nrf52840_xxaa/ble_srv_common.c.o
 .text.sd_ble_gatts_descriptor_add
                0x0002fb18        0x4 _build/nrf52840_xxaa/ble_srv_common.c.o
 .text.ble_srv_is_notification_enabled
                0x0002fb1c        0x8 _build/nrf52840_xxaa/ble_srv_common.c.o
                0x0002fb1c                ble_srv_is_notification_enabled
 .text.ble_srv_is_indication_enabled
                0x0002fb24        0x8 _build/nrf52840_xxaa/ble_srv_common.c.o
                0x0002fb24                ble_srv_is_indication_enabled
 .text.ble_srv_report_ref_encode
                0x0002fb2c        0xc _build/nrf52840_xxaa/ble_srv_common.c.o
                0x0002fb2c                ble_srv_report_ref_encode
 .text.ble_srv_ascii_to_utf8
                0x0002fb38       0x14 _build/nrf52840_xxaa/ble_srv_common.c.o
                0x0002fb38                ble_srv_ascii_to_utf8
 .text.characteristic_add
                0x0002fb4c      0x278 _build/nrf52840_xxaa/ble_srv_common.c.o
                0x0002fb4c                characteristic_add
 .text.descriptor_add
                0x0002fdc4       0xf8 _build/nrf52840_xxaa/ble_srv_common.c.o
                0x0002fdc4                descriptor_add
 .text.sd_ble_gattc_char_value_by_uuid_read
                0x0002febc        0x4 _build/nrf52840_xxaa/gatt_cache_manager.c.o
 .text.sd_ble_gattc_read
                0x0002fec0        0x4 _build/nrf52840_xxaa/gatt_cache_manager.c.o
 .text.sd_ble_gatts_value_get
                0x0002fec4        0x4 _build/nrf52840_xxaa/gatt_cache_manager.c.o
 .text.sd_ble_gatts_initial_user_handle_get
                0x0002fec8        0x4 _build/nrf52840_xxaa/gatt_cache_manager.c.o
 .text.sd_ble_gatts_attr_get
                0x0002fecc        0x4 _build/nrf52840_xxaa/gatt_cache_manager.c.o
 .text.car_update_pending_handle
                0x0002fed0       0x4c _build/nrf52840_xxaa/gatt_cache_manager.c.o
 .text.db_update_pending_handle
                0x0002ff1c       0xfc _build/nrf52840_xxaa/gatt_cache_manager.c.o
 .text.local_db_apply_in_evt
                0x00030018       0xfc _build/nrf52840_xxaa/gatt_cache_manager.c.o
 .text.sc_send_pending_handle
                0x00030114      0x17c _build/nrf52840_xxaa/gatt_cache_manager.c.o
 .text.apply_pending_handle
                0x00030290       0xfc _build/nrf52840_xxaa/gatt_cache_manager.c.o
 .text.gcm_im_evt_handler
                0x0003038c       0x84 _build/nrf52840_xxaa/gatt_cache_manager.c.o
                0x0003038c                gcm_im_evt_handler
 .text.gcm_pdb_evt_handler
                0x00030410       0xec _build/nrf52840_xxaa/gatt_cache_manager.c.o
                0x00030410                gcm_pdb_evt_handler
 .text.gcm_init
                0x000304fc       0xc4 _build/nrf52840_xxaa/gatt_cache_manager.c.o
                0x000304fc                gcm_init
 .text.gcm_ble_evt_handler
                0x000305c0      0x2ec _build/nrf52840_xxaa/gatt_cache_manager.c.o
                0x000305c0                gcm_ble_evt_handler
 .text.sd_ble_gatts_service_changed
                0x000308ac        0x4 _build/nrf52840_xxaa/gatts_cache_manager.c.o
 .text.sd_ble_gatts_sys_attr_set
                0x000308b0        0x4 _build/nrf52840_xxaa/gatts_cache_manager.c.o
 .text.sd_ble_gatts_sys_attr_get
                0x000308b4        0x4 _build/nrf52840_xxaa/gatts_cache_manager.c.o
 .text.sd_ble_gatts_initial_user_handle_get
                0x000308b8        0x4 _build/nrf52840_xxaa/gatts_cache_manager.c.o
 .text.service_changed_pending_set
                0x000308bc       0xac _build/nrf52840_xxaa/gatts_cache_manager.c.o
 .text.gscm_pdb_evt_handler
                0x00030968       0x18 _build/nrf52840_xxaa/gatts_cache_manager.c.o
                0x00030968                gscm_pdb_evt_handler
 .text.gscm_init
                0x00030980       0x10 _build/nrf52840_xxaa/gatts_cache_manager.c.o
                0x00030980                gscm_init
 .text.gscm_local_db_cache_update
                0x00030990       0xe0 _build/nrf52840_xxaa/gatts_cache_manager.c.o
                0x00030990                gscm_local_db_cache_update
 .text.gscm_local_db_cache_apply
                0x00030a70       0xb4 _build/nrf52840_xxaa/gatts_cache_manager.c.o
                0x00030a70                gscm_local_db_cache_apply
 .text.gscm_service_changed_ind_needed
                0x00030b24       0x2c _build/nrf52840_xxaa/gatts_cache_manager.c.o
                0x00030b24                gscm_service_changed_ind_needed
 .text.gscm_service_changed_ind_send
                0x00030b50       0x5c _build/nrf52840_xxaa/gatts_cache_manager.c.o
                0x00030b50                gscm_service_changed_ind_send
 .text.gscm_db_change_notification_done
                0x00030bac       0x24 _build/nrf52840_xxaa/gatts_cache_manager.c.o
                0x00030bac                gscm_db_change_notification_done
 .text.sd_ecb_block_encrypt
                0x00030bd0        0x4 _build/nrf52840_xxaa/id_manager.c.o
 .text.im_ble_evt_handler
                0x00030bd4      0x1d8 _build/nrf52840_xxaa/id_manager.c.o
                0x00030bd4                im_ble_evt_handler
 .text.im_is_duplicate_bonding_data
                0x00030dac      0x11c _build/nrf52840_xxaa/id_manager.c.o
                0x00030dac                im_is_duplicate_bonding_data
 .text.im_find_duplicate_bonding_data
                0x00030ec8       0x40 _build/nrf52840_xxaa/id_manager.c.o
                0x00030ec8                im_find_duplicate_bonding_data
 .text.im_peer_id_get_by_conn_handle
                0x00030f08       0x2c _build/nrf52840_xxaa/id_manager.c.o
                0x00030f08                im_peer_id_get_by_conn_handle
 .text.im_ble_addr_get
                0x00030f34       0x3c _build/nrf52840_xxaa/id_manager.c.o
                0x00030f34                im_ble_addr_get
 .text.im_master_ids_compare
                0x00030f70       0x44 _build/nrf52840_xxaa/id_manager.c.o
                0x00030f70                im_master_ids_compare
 .text.im_peer_id_get_by_master_id
                0x00030fb4       0xf4 _build/nrf52840_xxaa/id_manager.c.o
                0x00030fb4                im_peer_id_get_by_master_id
 .text.im_conn_handle_get
                0x000310a8       0x40 _build/nrf52840_xxaa/id_manager.c.o
                0x000310a8                im_conn_handle_get
 .text.im_new_peer_id
                0x000310e8       0x14 _build/nrf52840_xxaa/id_manager.c.o
                0x000310e8                im_new_peer_id
 .text.im_peer_free
                0x000310fc       0x54 _build/nrf52840_xxaa/id_manager.c.o
                0x000310fc                im_peer_free
 .text.sd_ble_gap_data_length_update
                0x00031150        0x4 _build/nrf52840_xxaa/nrf_ble_gatt.c.o
 .text.sd_ble_gattc_exchange_mtu_request
                0x00031154        0x4 _build/nrf52840_xxaa/nrf_ble_gatt.c.o
 .text.sd_ble_gatts_exchange_mtu_reply
                0x00031158        0x4 _build/nrf52840_xxaa/nrf_ble_gatt.c.o
 .text.data_length_update.constprop.0
                0x0003115c       0x8c _build/nrf52840_xxaa/nrf_ble_gatt.c.o
 .text.nrf_ble_gatt_init
                0x000311e8       0x28 _build/nrf52840_xxaa/nrf_ble_gatt.c.o
                0x000311e8                nrf_ble_gatt_init
 .text.nrf_ble_gatt_on_ble_evt
                0x00031210      0x1c8 _build/nrf52840_xxaa/nrf_ble_gatt.c.o
                0x00031210                nrf_ble_gatt_on_ble_evt
 .text.sd_ble_gattc_primary_services_discover
                0x000313d8        0x4 _build/nrf52840_xxaa/nrf_ble_gq.c.o
 .text.sd_ble_gattc_characteristics_discover
                0x000313dc        0x4 _build/nrf52840_xxaa/nrf_ble_gq.c.o
 .text.sd_ble_gattc_descriptors_discover
                0x000313e0        0x4 _build/nrf52840_xxaa/nrf_ble_gq.c.o
 .text.sd_ble_gattc_read
                0x000313e4        0x4 _build/nrf52840_xxaa/nrf_ble_gq.c.o
 .text.sd_ble_gattc_write
                0x000313e8        0x4 _build/nrf52840_xxaa/nrf_ble_gq.c.o
 .text.sd_ble_gatts_hvx
                0x000313ec        0x4 _build/nrf52840_xxaa/nrf_ble_gq.c.o
 .text.gatts_hvx_alloc
                0x000313f0       0x3c _build/nrf52840_xxaa/nrf_ble_gq.c.o
 .text.gattc_write_alloc
                0x0003142c       0x28 _build/nrf52840_xxaa/nrf_ble_gq.c.o
 .text.queues_purge.isra.0
                0x00031454       0x70 _build/nrf52840_xxaa/nrf_ble_gq.c.o
 .text.queue_process
                0x000314c4      0x17c _build/nrf52840_xxaa/nrf_ble_gq.c.o
 .text.nrf_ble_gq_item_add
                0x00031640      0x1c0 _build/nrf52840_xxaa/nrf_ble_gq.c.o
                0x00031640                nrf_ble_gq_item_add
 .text.nrf_ble_gq_conn_handle_register
                0x00031800       0x9c _build/nrf52840_xxaa/nrf_ble_gq.c.o
                0x00031800                nrf_ble_gq_conn_handle_register
 .text.nrf_ble_gq_on_ble_evt
                0x0003189c       0x94 _build/nrf52840_xxaa/nrf_ble_gq.c.o
                0x0003189c                nrf_ble_gq_on_ble_evt
 .text.sd_ble_gatts_rw_authorize_reply
                0x00031930        0x4 _build/nrf52840_xxaa/nrf_ble_qwr.c.o
 .text.sd_ble_user_mem_reply
                0x00031934        0x4 _build/nrf52840_xxaa/nrf_ble_qwr.c.o
 .text.nrf_ble_qwr_init
                0x00031938       0x24 _build/nrf52840_xxaa/nrf_ble_qwr.c.o
                0x00031938                nrf_ble_qwr_init
 .text.nrf_ble_qwr_conn_handle_assign
                0x0003195c       0x18 _build/nrf52840_xxaa/nrf_ble_qwr.c.o
                0x0003195c                nrf_ble_qwr_conn_handle_assign
 .text.nrf_ble_qwr_on_ble_evt
                0x00031974       0xf4 _build/nrf52840_xxaa/nrf_ble_qwr.c.o
                0x00031974                nrf_ble_qwr_on_ble_evt
 .text.peer_data_delete_process
                0x00031a68       0xc8 _build/nrf52840_xxaa/peer_data_storage.c.o
 .text.fds_evt_handler
                0x00031b30      0x100 _build/nrf52840_xxaa/peer_data_storage.c.o
 .text.pds_init
                0x00031c30       0xac _build/nrf52840_xxaa/peer_data_storage.c.o
                0x00031c30                pds_init
 .text.pds_peer_data_read
                0x00031cdc       0x90 _build/nrf52840_xxaa/peer_data_storage.c.o
                0x00031cdc                pds_peer_data_read
 .text.pds_peer_data_iterate_prepare
                0x00031d6c       0x10 _build/nrf52840_xxaa/peer_data_storage.c.o
                0x00031d6c                pds_peer_data_iterate_prepare
 .text.pds_peer_data_iterate
                0x00031d7c       0x58 _build/nrf52840_xxaa/peer_data_storage.c.o
                0x00031d7c                pds_peer_data_iterate
 .text.pds_peer_data_store
                0x00031dd4       0xdc _build/nrf52840_xxaa/peer_data_storage.c.o
                0x00031dd4                pds_peer_data_store
 .text.pds_peer_id_allocate
                0x00031eb0        0x8 _build/nrf52840_xxaa/peer_data_storage.c.o
                0x00031eb0                pds_peer_id_allocate
 .text.pds_peer_id_free
                0x00031eb8       0x18 _build/nrf52840_xxaa/peer_data_storage.c.o
                0x00031eb8                pds_peer_id_free
 .text.pds_peer_id_is_allocated
                0x00031ed0        0x4 _build/nrf52840_xxaa/peer_data_storage.c.o
                0x00031ed0                pds_peer_id_is_allocated
 .text.pds_next_peer_id_get
                0x00031ed4        0x4 _build/nrf52840_xxaa/peer_data_storage.c.o
                0x00031ed4                pds_next_peer_id_get
 .text.pds_next_deleted_peer_id_get
                0x00031ed8        0x4 _build/nrf52840_xxaa/peer_data_storage.c.o
                0x00031ed8                pds_next_deleted_peer_id_get
 .text.write_buf_store
                0x00031edc      0x11c _build/nrf52840_xxaa/peer_database.c.o
                0x00031edc                write_buf_store
 .text.pdb_pds_evt_handler
                0x00031ff8      0x1f0 _build/nrf52840_xxaa/peer_database.c.o
                0x00031ff8                pdb_pds_evt_handler
 .text.pdb_init
                0x000321e8       0xb8 _build/nrf52840_xxaa/peer_database.c.o
                0x000321e8                pdb_init
 .text.pdb_peer_free
                0x000322a0      0x1a8 _build/nrf52840_xxaa/peer_database.c.o
                0x000322a0                pdb_peer_free
 .text.pdb_peer_data_ptr_get
                0x00032448        0x8 _build/nrf52840_xxaa/peer_database.c.o
                0x00032448                pdb_peer_data_ptr_get
 .text.pdb_write_buf_get
                0x00032450      0x1f0 _build/nrf52840_xxaa/peer_database.c.o
                0x00032450                pdb_write_buf_get
 .text.pdb_write_buf_release
                0x00032640       0xd4 _build/nrf52840_xxaa/peer_database.c.o
                0x00032640                pdb_write_buf_release
 .text.pdb_write_buf_store
                0x00032714       0xa0 _build/nrf52840_xxaa/peer_database.c.o
                0x00032714                pdb_write_buf_store
 .text.peer_id_init
                0x000327b4       0x10 _build/nrf52840_xxaa/peer_id.c.o
                0x000327b4                peer_id_init
 .text.peer_id_allocate
                0x000327c4       0x40 _build/nrf52840_xxaa/peer_id.c.o
                0x000327c4                peer_id_allocate
 .text.peer_id_delete
                0x00032804       0x28 _build/nrf52840_xxaa/peer_id.c.o
                0x00032804                peer_id_delete
 .text.peer_id_free
                0x0003282c       0x28 _build/nrf52840_xxaa/peer_id.c.o
                0x0003282c                peer_id_free
 .text.peer_id_is_allocated
                0x00032854       0x14 _build/nrf52840_xxaa/peer_id.c.o
                0x00032854                peer_id_is_allocated
 .text.peer_id_get_next_used
                0x00032868       0x74 _build/nrf52840_xxaa/peer_id.c.o
                0x00032868                peer_id_get_next_used
 .text.peer_id_get_next_deleted
                0x000328dc       0x40 _build/nrf52840_xxaa/peer_id.c.o
                0x000328dc                peer_id_get_next_deleted
 .text.ble_evt_handler
                0x0003291c       0x24 _build/nrf52840_xxaa/peer_manager.c.o
 .text.pm_peer_ranks_get.part.0
                0x00032940       0xf0 _build/nrf52840_xxaa/peer_manager.c.o
 .text.pm_pdb_evt_handler
                0x00032a30      0x290 _build/nrf52840_xxaa/peer_manager.c.o
                0x00032a30                pm_pdb_evt_handler
 .text.pm_sm_evt_handler
                0x00032cc0       0x2c _build/nrf52840_xxaa/peer_manager.c.o
                0x00032cc0                pm_sm_evt_handler
 .text.pm_gcm_evt_handler
                0x00032cec       0x28 _build/nrf52840_xxaa/peer_manager.c.o
                0x00032cec                pm_gcm_evt_handler
 .text.pm_gscm_evt_handler
                0x00032d14       0x28 _build/nrf52840_xxaa/peer_manager.c.o
                0x00032d14                pm_gscm_evt_handler
 .text.pm_im_evt_handler
                0x00032d3c       0x28 _build/nrf52840_xxaa/peer_manager.c.o
                0x00032d3c                pm_im_evt_handler
 .text.pm_init  0x00032d64       0xf0 _build/nrf52840_xxaa/peer_manager.c.o
                0x00032d64                pm_init
 .text.pm_register
                0x00032e54       0x38 _build/nrf52840_xxaa/peer_manager.c.o
                0x00032e54                pm_register
 .text.pm_sec_params_set
                0x00032e8c       0x14 _build/nrf52840_xxaa/peer_manager.c.o
                0x00032e8c                pm_sec_params_set
 .text.pm_conn_secure
                0x00032ea0       0x1c _build/nrf52840_xxaa/peer_manager.c.o
                0x00032ea0                pm_conn_secure
 .text.pm_conn_sec_status_get
                0x00032ebc       0x14 _build/nrf52840_xxaa/peer_manager.c.o
                0x00032ebc                pm_conn_sec_status_get
 .text.pm_peer_delete
                0x00032ed0       0x14 _build/nrf52840_xxaa/peer_manager.c.o
                0x00032ed0                pm_peer_delete
 .text.pm_peers_delete
                0x00032ee4       0xd4 _build/nrf52840_xxaa/peer_manager.c.o
                0x00032ee4                pm_peers_delete
 .text.pm_peer_ranks_get
                0x00032fb8       0x1c _build/nrf52840_xxaa/peer_manager.c.o
                0x00032fb8                pm_peer_ranks_get
 .text.pm_peer_rank_highest
                0x00032fd4      0x164 _build/nrf52840_xxaa/peer_manager.c.o
                0x00032fd4                pm_peer_rank_highest
 .text.sd_ble_gap_disconnect
                0x00033138        0x4 _build/nrf52840_xxaa/peer_manager_handler.c.o
 .text.pm_handler_on_pm_evt
                0x0003313c      0x36c _build/nrf52840_xxaa/peer_manager_handler.c.o
                0x0003313c                pm_handler_on_pm_evt
 .text.pm_handler_flash_clean
                0x000334a8      0x3b4 _build/nrf52840_xxaa/peer_manager_handler.c.o
                0x000334a8                pm_handler_flash_clean
 .text.pm_buffer_init
                0x0003385c       0x2c _build/nrf52840_xxaa/pm_buffer.c.o
                0x0003385c                pm_buffer_init
 .text.pm_buffer_block_acquire
                0x00033888       0xb0 _build/nrf52840_xxaa/pm_buffer.c.o
                0x00033888                pm_buffer_block_acquire
 .text.pm_buffer_ptr_get
                0x00033938       0x30 _build/nrf52840_xxaa/pm_buffer.c.o
                0x00033938                pm_buffer_ptr_get
 .text.pm_buffer_release
                0x00033968       0x34 _build/nrf52840_xxaa/pm_buffer.c.o
                0x00033968                pm_buffer_release
 .text.sd_ble_gap_authenticate
                0x0003399c        0x4 _build/nrf52840_xxaa/security_dispatcher.c.o
 .text.sd_ble_gap_sec_params_reply
                0x000339a0        0x4 _build/nrf52840_xxaa/security_dispatcher.c.o
 .text.sd_ble_gap_sec_info_reply
                0x000339a4        0x4 _build/nrf52840_xxaa/security_dispatcher.c.o
 .text.pairing_failure
                0x000339a8       0xdc _build/nrf52840_xxaa/security_dispatcher.c.o
 .text.smd_init
                0x00033a84       0x90 _build/nrf52840_xxaa/security_dispatcher.c.o
                0x00033a84                smd_init
 .text.smd_params_reply
                0x00033b14      0x198 _build/nrf52840_xxaa/security_dispatcher.c.o
                0x00033b14                smd_params_reply
 .text.smd_link_secure
                0x00033cac       0x2c _build/nrf52840_xxaa/security_dispatcher.c.o
                0x00033cac                smd_link_secure
 .text.smd_ble_evt_handler
                0x00033cd8      0x6ec _build/nrf52840_xxaa/security_dispatcher.c.o
                0x00033cd8                smd_ble_evt_handler
 .text.events_send_from_err_code
                0x000343c4       0xf0 _build/nrf52840_xxaa/security_manager.c.o
 .text.smd_params_reply_perform
                0x000344b4       0xa8 _build/nrf52840_xxaa/security_manager.c.o
 .text.params_reply_pending_handle
                0x0003455c        0x8 _build/nrf52840_xxaa/security_manager.c.o
 .text.link_secure
                0x00034564      0x154 _build/nrf52840_xxaa/security_manager.c.o
 .text.link_secure_pending_handle
                0x000346b8       0x38 _build/nrf52840_xxaa/security_manager.c.o
 .text.sm_conn_sec_status_get
                0x000346f0       0xa8 _build/nrf52840_xxaa/security_manager.c.o
                0x000346f0                sm_conn_sec_status_get
 .text.sm_smd_evt_handler
                0x00034798       0x8c _build/nrf52840_xxaa/security_manager.c.o
                0x00034798                sm_smd_evt_handler
 .text.sm_pdb_evt_handler
                0x00034824       0x40 _build/nrf52840_xxaa/security_manager.c.o
                0x00034824                sm_pdb_evt_handler
 .text.sm_init  0x00034864       0x90 _build/nrf52840_xxaa/security_manager.c.o
                0x00034864                sm_init
 .text.sm_ble_evt_handler
                0x000348f4       0x34 _build/nrf52840_xxaa/security_manager.c.o
                0x000348f4                sm_ble_evt_handler
 .text.sm_sec_params_set
                0x00034928       0x84 _build/nrf52840_xxaa/security_manager.c.o
                0x00034928                sm_sec_params_set
 .text.sm_link_secure
                0x000349ac      0x11c _build/nrf52840_xxaa/security_manager.c.o
                0x000349ac                sm_link_secure
 .text.sd_ble_gatts_service_add
                0x00034ac8        0x4 _build/nrf52840_xxaa/ble_bas.c.o
 .text.sd_ble_gatts_value_set
                0x00034acc        0x4 _build/nrf52840_xxaa/ble_bas.c.o
 .text.sd_ble_gatts_hvx
                0x00034ad0        0x4 _build/nrf52840_xxaa/ble_bas.c.o
 .text.ble_bas_on_ble_evt
                0x00034ad4       0x54 _build/nrf52840_xxaa/ble_bas.c.o
                0x00034ad4                ble_bas_on_ble_evt
 .text.ble_bas_init
                0x00034b28       0xf4 _build/nrf52840_xxaa/ble_bas.c.o
                0x00034b28                ble_bas_init
 .text.ble_bas_battery_level_update
                0x00034c1c       0xd8 _build/nrf52840_xxaa/ble_bas.c.o
                0x00034c1c                ble_bas_battery_level_update
 .text.sd_ble_gatts_service_add
                0x00034cf4        0x4 _build/nrf52840_xxaa/ble_dis.c.o
 .text.ble_dis_init
                0x00034cf8      0x428 _build/nrf52840_xxaa/ble_dis.c.o
                0x00034cf8                ble_dis_init
 .text.sd_ble_gatts_service_add
                0x00035120        0x4 _build/nrf52840_xxaa/ble_hts.c.o
 .text.sd_ble_gatts_value_get
                0x00035124        0x4 _build/nrf52840_xxaa/ble_hts.c.o
 .text.gatt_error_handler
                0x00035128        0x8 _build/nrf52840_xxaa/ble_hts.c.o
 .text.ble_hts_on_ble_evt
                0x00035130       0x80 _build/nrf52840_xxaa/ble_hts.c.o
                0x00035130                ble_hts_on_ble_evt
 .text.ble_hts_init
                0x000351b0      0x1b4 _build/nrf52840_xxaa/ble_hts.c.o
                0x000351b0                ble_hts_init
 .text.ble_hts_measurement_send
                0x00035364       0xfc _build/nrf52840_xxaa/ble_hts.c.o
                0x00035364                ble_hts_measurement_send
 .text.ble_hts_is_indication_enabled
                0x00035460       0x4c _build/nrf52840_xxaa/ble_hts.c.o
                0x00035460                ble_hts_is_indication_enabled
 .text.sd_softdevice_enable
                0x000354ac        0x4 _build/nrf52840_xxaa/nrf_sdh.c.o
 .text.sd_softdevice_disable
                0x000354b0        0x4 _build/nrf52840_xxaa/nrf_sdh.c.o
 .text.nrf_sdh_enable_request
                0x000354b4      0x118 _build/nrf52840_xxaa/nrf_sdh.c.o
                0x000354b4                nrf_sdh_enable_request
 .text.nrf_sdh_disable_request
                0x000355cc       0xe4 _build/nrf52840_xxaa/nrf_sdh.c.o
                0x000355cc                nrf_sdh_disable_request
 .text.nrf_sdh_request_continue
                0x000356b0       0x20 _build/nrf52840_xxaa/nrf_sdh.c.o
                0x000356b0                nrf_sdh_request_continue
 .text.nrf_sdh_is_enabled
                0x000356d0        0xc _build/nrf52840_xxaa/nrf_sdh.c.o
                0x000356d0                nrf_sdh_is_enabled
 .text.SWI2_EGU2_IRQHandler
                0x000356dc       0x2c _build/nrf52840_xxaa/nrf_sdh.c.o
                0x000356dc                SWI2_EGU2_IRQHandler
 .text.sd_ble_enable
                0x00035708        0x4 _build/nrf52840_xxaa/nrf_sdh_ble.c.o
 .text.sd_ble_cfg_set
                0x0003570c        0x4 _build/nrf52840_xxaa/nrf_sdh_ble.c.o
 .text.sd_ble_evt_get
                0x00035710        0x4 _build/nrf52840_xxaa/nrf_sdh_ble.c.o
 .text.nrf_sdh_ble_evts_poll
                0x00035714       0x5c _build/nrf52840_xxaa/nrf_sdh_ble.c.o
 .text.nrf_sdh_ble_default_cfg_set
                0x00035770      0x178 _build/nrf52840_xxaa/nrf_sdh_ble.c.o
                0x00035770                nrf_sdh_ble_default_cfg_set
 .text.nrf_sdh_ble_enable
                0x000358e8       0xa0 _build/nrf52840_xxaa/nrf_sdh_ble.c.o
                0x000358e8                nrf_sdh_ble_enable
 .text.sd_evt_get
                0x00035988        0x4 _build/nrf52840_xxaa/nrf_sdh_soc.c.o
 .text.nrf_sdh_soc_evts_poll
                0x0003598c       0x4c _build/nrf52840_xxaa/nrf_sdh_soc.c.o
 .text.sd_ble_gatts_service_add
                0x000359d8        0x4 _build/nrf52840_xxaa/ble_nus.c.o
 .text.sd_ble_gatts_value_get
                0x000359dc        0x4 _build/nrf52840_xxaa/ble_nus.c.o
 .text.sd_ble_uuid_vs_add
                0x000359e0        0x4 _build/nrf52840_xxaa/ble_nus.c.o
 .text.ble_nus_on_ble_evt
                0x000359e4      0x13c _build/nrf52840_xxaa/ble_nus.c.o
                0x000359e4                ble_nus_on_ble_evt
 .text.ble_nus_init
                0x00035b20       0xe8 _build/nrf52840_xxaa/ble_nus.c.o
                0x00035b20                ble_nus_init
 .text.blcm_link_ctx_get
                0x00035c08       0x50 _build/nrf52840_xxaa/ble_link_ctx_manager.c.o
                0x00035c08                blcm_link_ctx_get
 .text.exit     0x00035c58       0x28 c:/program files (x86)/gnu tools arm embedded/9 2019-q4-major/bin/../lib/gcc/arm-none-eabi/9.2.1/../../../../arm-none-eabi/lib/thumb/v7e-m+fp/hard\libc_nano.a(lib_a-exit.o)
                0x00035c58                exit
 .text.__libc_init_array
                0x00035c80       0x48 c:/program files (x86)/gnu tools arm embedded/9 2019-q4-major/bin/../lib/gcc/arm-none-eabi/9.2.1/../../../../arm-none-eabi/lib/thumb/v7e-m+fp/hard\libc_nano.a(lib_a-init.o)
                0x00035c80                __libc_init_array
 .text.memcmp   0x00035cc8       0x1c c:/program files (x86)/gnu tools arm embedded/9 2019-q4-major/bin/../lib/gcc/arm-none-eabi/9.2.1/../../../../arm-none-eabi/lib/thumb/v7e-m+fp/hard\libc_nano.a(lib_a-memcmp.o)
                0x00035cc8                memcmp
 .text.memcpy   0x00035ce4       0x1c c:/program files (x86)/gnu tools arm embedded/9 2019-q4-major/bin/../lib/gcc/arm-none-eabi/9.2.1/../../../../arm-none-eabi/lib/thumb/v7e-m+fp/hard\libc_nano.a(lib_a-memcpy-stub.o)
                0x00035ce4                memcpy
 .text.memset   0x00035d00       0x10 c:/program files (x86)/gnu tools arm embedded/9 2019-q4-major/bin/../lib/gcc/arm-none-eabi/9.2.1/../../../../arm-none-eabi/lib/thumb/v7e-m+fp/hard\libc_nano.a(lib_a-memset.o)
                0x00035d00                memset
 .text          0x00035d10       0x10 c:/program files (x86)/gnu tools arm embedded/9 2019-q4-major/bin/../lib/gcc/arm-none-eabi/9.2.1/../../../../arm-none-eabi/lib/thumb/v7e-m+fp/hard\libc_nano.a(lib_a-strlen.o)
                0x00035d10                strlen
 .text._exit    0x00035d20        0x4 c:/program files (x86)/gnu tools arm embedded/9 2019-q4-major/bin/../lib/gcc/arm-none-eabi/9.2.1/../../../../arm-none-eabi/lib/thumb/v7e-m+fp/hard\libnosys.a(_exit.o)
                0x00035d20                _exit
 .text          0x00035d24       0x30 c:/program files (x86)/gnu tools arm embedded/9 2019-q4-major/bin/../lib/gcc/arm-none-eabi/9.2.1/thumb/v7e-m+fp/hard\libgcc.a(_aeabi_uldivmod.o)
                0x00035d24                __aeabi_uldivmod
 .text          0x00035d54      0x2c4 c:/program files (x86)/gnu tools arm embedded/9 2019-q4-major/bin/../lib/gcc/arm-none-eabi/9.2.1/thumb/v7e-m+fp/hard\libgcc.a(_udivmoddi4.o)
                0x00035d54                __udivmoddi4
 .text          0x00036018        0x4 c:/program files (x86)/gnu tools arm embedded/9 2019-q4-major/bin/../lib/gcc/arm-none-eabi/9.2.1/thumb/v7e-m+fp/hard\libgcc.a(_dvmd_tls.o)
                0x00036018                __aeabi_idiv0
                0x00036018                __aeabi_ldiv0
 *(.init)
 .init          0x0003601c        0x4 c:/program files (x86)/gnu tools arm embedded/9 2019-q4-major/bin/../lib/gcc/arm-none-eabi/9.2.1/thumb/v7e-m+fp/hard/crti.o
                0x0003601c                _init
 .init          0x00036020        0x8 c:/program files (x86)/gnu tools arm embedded/9 2019-q4-major/bin/../lib/gcc/arm-none-eabi/9.2.1/thumb/v7e-m+fp/hard/crtn.o
 *(.fini)
 .fini          0x00036028        0x4 c:/program files (x86)/gnu tools arm embedded/9 2019-q4-major/bin/../lib/gcc/arm-none-eabi/9.2.1/thumb/v7e-m+fp/hard/crti.o
                0x00036028                _fini
 .fini          0x0003602c        0x8 c:/program files (x86)/gnu tools arm embedded/9 2019-q4-major/bin/../lib/gcc/arm-none-eabi/9.2.1/thumb/v7e-m+fp/hard/crtn.o
 *crtbegin.o(.ctors)
 *crtbegin?.o(.ctors)
 *(EXCLUDE_FILE(*crtend.o *crtend?.o) .ctors)
 *(SORT_BY_NAME(.ctors.*))
 *(.ctors)
 *crtbegin.o(.dtors)
 *crtbegin?.o(.dtors)
 *(EXCLUDE_FILE(*crtend.o *crtend?.o) .dtors)
 *(SORT_BY_NAME(.dtors.*))
 *(.dtors)
 *(.rodata*)
 .rodata        0x00036034       0x20 _build/nrf52840_xxaa/nrf_log_backend_uart.c.o
 .rodata.nrf_log_backend_uart_api
                0x00036054        0xc _build/nrf52840_xxaa/nrf_log_backend_uart.c.o
                0x00036054                nrf_log_backend_uart_api
 .rodata.str1.4
                0x00036060       0x11 _build/nrf52840_xxaa/nrf_log_default_backends.c.o
 *fill*         0x00036071        0x3 
 .rodata.nrf_log_frontend_dequeue.str1.4
                0x00036074       0x11 _build/nrf52840_xxaa/nrf_log_frontend.c.o
 *fill*         0x00036085        0x3 
 .rodata.str1.4
                0x00036088        0x4 _build/nrf52840_xxaa/nrf_log_frontend.c.o
 .rodata.m_log_push_ringbuf
                0x0003608c        0xc _build/nrf52840_xxaa/nrf_log_frontend.c.o
 .rodata.prefix_process.str1.4
                0x00036098       0x32 _build/nrf52840_xxaa/nrf_log_str_formatter.c.o
                                 0x36 (size before relaxing)
 *fill*         0x000360ca        0x2 
 .rodata.nrf_log_std_entry_process.str1.4
                0x000360cc        0x3 _build/nrf52840_xxaa/nrf_log_str_formatter.c.o
 *fill*         0x000360cf        0x1 
 .rodata.nrf_log_hexdump_entry_process.str1.4
                0x000360d0       0x13 _build/nrf52840_xxaa/nrf_log_str_formatter.c.o
                                 0x16 (size before relaxing)
 *fill*         0x000360e3        0x1 
 .rodata.str1.4
                0x000360e4       0x56 _build/nrf52840_xxaa/nrf_log_str_formatter.c.o
 *fill*         0x0003613a        0x2 
 .rodata.m_colors
                0x0003613c       0x24 _build/nrf52840_xxaa/nrf_log_str_formatter.c.o
 .rodata.severity_names
                0x00036160       0x14 _build/nrf52840_xxaa/nrf_log_str_formatter.c.o
 .rodata.str1.4
                0x00036174        0xb _build/nrf52840_xxaa/app_button.c.o
 *fill*         0x0003617f        0x1 
 .rodata.m_detection_delay_timer_id
                0x00036180        0x4 _build/nrf52840_xxaa/app_button.c.o
 .rodata.app_error_fault_handler.str1.4
                0x00036184       0x19 _build/nrf52840_xxaa/app_error_weak.c.o
 *fill*         0x0003619d        0x3 
 .rodata.str1.4
                0x000361a0        0xa _build/nrf52840_xxaa/app_timer2.c.o
 *fill*         0x000361aa        0x2 
 .rodata        0x000361ac        0x4 _build/nrf52840_xxaa/app_timer2.c.o
 .rodata.m_app_timer_sortlist
                0x000361b0        0xc _build/nrf52840_xxaa/app_timer2.c.o
 .rodata.drv_rtc_init.str1.4
                0x000361bc       0x36 _build/nrf52840_xxaa/drv_rtc.c.o
 *fill*         0x000361f2        0xe 
 .rodata.delay_machine_code.8746
                0x00036200        0x6 _build/nrf52840_xxaa/drv_rtc.c.o
 *fill*         0x00036206        0x2 
 .rodata.dirty_header.9474
                0x00036208        0x4 _build/nrf52840_xxaa/fds.c.o
 .rodata.page_tag_data.9347
                0x0003620c        0x8 _build/nrf52840_xxaa/fds.c.o
 .rodata.page_tag_swap.9343
                0x00036214        0x8 _build/nrf52840_xxaa/fds.c.o
 .rodata._aV2C.7806
                0x0003621c       0x10 _build/nrf52840_xxaa/nrf_fprintf_format.c.o
 .rodata.nrf_fstorage_init.str1.4
                0x0003622c       0x3a _build/nrf52840_xxaa/nrf_fstorage.c.o
 *fill*         0x00036266        0x2 
 .rodata.nrf_fstorage_uninit.str1.4
                0x00036268        0xc _build/nrf52840_xxaa/nrf_fstorage.c.o
 .rodata.nrf_fstorage_read.str1.4
                0x00036274       0x4a _build/nrf52840_xxaa/nrf_fstorage.c.o
 *fill*         0x000362be        0x2 
 .rodata.nrf_fstorage_write.str1.4
                0x000362c0       0x97 _build/nrf52840_xxaa/nrf_fstorage.c.o
 *fill*         0x00036357        0x1 
 .rodata.nrf_fstorage_erase.str1.4
                0x00036358       0x77 _build/nrf52840_xxaa/nrf_fstorage.c.o
 *fill*         0x000363cf        0x1 
 .rodata.str1.4
                0x000363d0        0xd _build/nrf52840_xxaa/nrf_fstorage.c.o
 *fill*         0x000363dd        0x3 
 .rodata.__func__.7978
                0x000363e0       0x12 _build/nrf52840_xxaa/nrf_fstorage.c.o
 *fill*         0x000363f2        0x2 
 .rodata.__func__.7999
                0x000363f4       0x13 _build/nrf52840_xxaa/nrf_fstorage.c.o
 *fill*         0x00036407        0x1 
 .rodata.__func__.8006
                0x00036408       0x13 _build/nrf52840_xxaa/nrf_fstorage.c.o
 *fill*         0x0003641b        0x1 
 .rodata.m_flash_info
                0x0003641c        0xc _build/nrf52840_xxaa/nrf_fstorage_sd.c.o
 .rodata.nrf_fstorage_sd
                0x00036428       0x20 _build/nrf52840_xxaa/nrf_fstorage_sd.c.o
                0x00036428                nrf_fstorage_sd
 .rodata.str1.4
                0x00036448        0x9 _build/nrf52840_xxaa/nrf_pwr_mgmt.c.o
 *fill*         0x00036451        0x3 
 .rodata.pwr_mgmt_data
                0x00036454        0xc _build/nrf52840_xxaa/nrf_pwr_mgmt.c.o
 .rodata.str1.4
                0x00036460        0x9 _build/nrf52840_xxaa/nrf_sortlist.c.o
 *fill*         0x00036469        0x3 
 .rodata.str1.4
                0x0003646c      0x3e9 _build/nrf52840_xxaa/nrf_strerror.c.o
 *fill*         0x00036855        0x3 
 .rodata.m_unknown_str
                0x00036858       0x13 _build/nrf52840_xxaa/nrf_strerror.c.o
 *fill*         0x0003686b        0x1 
 .rodata.nrf_strerror_array
                0x0003686c      0x128 _build/nrf52840_xxaa/nrf_strerror.c.o
 .rodata.m_board_led_list
                0x00036994        0x2 _build/nrf52840_xxaa/boards.c.o
 *fill*         0x00036996        0x2 
 .rodata.str1.4
                0x00036998        0x6 _build/nrf52840_xxaa/nrf_drv_clock.c.o
 *fill*         0x0003699e        0x2 
 .rodata.str1.4
                0x000369a0        0x6 _build/nrf52840_xxaa/nrfx_clock.c.o
 *fill*         0x000369a6        0x2 
 .rodata.str1.4
                0x000369a8        0x7 _build/nrf52840_xxaa/nrfx_gpiote.c.o
 *fill*         0x000369af        0x1 
 .rodata.str1.4
                0x000369b0        0x4 _build/nrf52840_xxaa/nrfx_prs.c.o
 .rodata.str1.4
                0x000369b4        0x5 _build/nrf52840_xxaa/nrfx_uart.c.o
 *fill*         0x000369b9        0x3 
 .rodata.str1.4
                0x000369bc        0x6 _build/nrf52840_xxaa/nrfx_uarte.c.o
 *fill*         0x000369c2        0x2 
 .rodata.app_buttons
                0x000369c4        0x8 _build/nrf52840_xxaa/bsp.c.o
 .rodata.m_bsp_alert_tmr
                0x000369cc        0x4 _build/nrf52840_xxaa/bsp.c.o
 .rodata.m_bsp_button_tmr
                0x000369d0        0x4 _build/nrf52840_xxaa/bsp.c.o
 .rodata.m_bsp_leds_tmr
                0x000369d4        0x4 _build/nrf52840_xxaa/bsp.c.o
 .rodata.ble_evt_handler.str1.4
                0x000369d8       0x1a _build/nrf52840_xxaa/main.c.o
 *fill*         0x000369f2        0x2 
 .rodata.nus_data_handler.str1.4
                0x000369f4        0xb _build/nrf52840_xxaa/main.c.o
                                 0x10 (size before relaxing)
 *fill*         0x000369ff        0x1 
 .rodata.on_adv_evt.str1.4
                0x00036a00       0x12 _build/nrf52840_xxaa/main.c.o
 *fill*         0x00036a12        0x2 
 .rodata.main.str1.4
                0x00036a14       0x61 _build/nrf52840_xxaa/main.c.o
 *fill*         0x00036a75        0x3 
 .rodata.m_battery_timer_id
                0x00036a78        0x4 _build/nrf52840_xxaa/main.c.o
 .rodata.m_ble_gatt_queuereq_queue
                0x00036a7c       0x14 _build/nrf52840_xxaa/main.c.o
 .rodata.db_update_pending_handle.str1.4
                0x00036a90       0x75 _build/nrf52840_xxaa/gatt_cache_manager.c.o
 *fill*         0x00036b05        0x3 
 .rodata.local_db_apply_in_evt.str1.4
                0x00036b08       0xd1 _build/nrf52840_xxaa/gatt_cache_manager.c.o
 *fill*         0x00036bd9        0x3 
 .rodata.sc_send_pending_handle.str1.4
                0x00036bdc       0x40 _build/nrf52840_xxaa/gatt_cache_manager.c.o
 .rodata.gcm_init.str1.4
                0x00036c1c       0x6f _build/nrf52840_xxaa/gatt_cache_manager.c.o
 *fill*         0x00036c8b        0x1 
 .rodata.store_car_value.str1.4
                0x00036c8c       0x5d _build/nrf52840_xxaa/gatt_cache_manager.c.o
 *fill*         0x00036ce9        0x3 
 .rodata.gcm_ble_evt_handler.str1.4
                0x00036cec       0xb2 _build/nrf52840_xxaa/gatt_cache_manager.c.o
 *fill*         0x00036d9e        0x2 
 .rodata.str1.4
                0x00036da0       0x11 _build/nrf52840_xxaa/gatt_cache_manager.c.o
 *fill*         0x00036db1        0x3 
 .rodata        0x00036db4        0x4 _build/nrf52840_xxaa/gatt_cache_manager.c.o
 .rodata.car_value_false.11287
                0x00036db8        0x4 _build/nrf52840_xxaa/gatt_cache_manager.c.o
 .rodata.car_value_true.11286
                0x00036dbc        0x4 _build/nrf52840_xxaa/gatt_cache_manager.c.o
 .rodata.service_changed_pending_set.str1.4
                0x00036dc0       0x55 _build/nrf52840_xxaa/gatts_cache_manager.c.o
 *fill*         0x00036e15        0x3 
 .rodata.gscm_local_db_cache_update.str1.4
                0x00036e18       0x7f _build/nrf52840_xxaa/gatts_cache_manager.c.o
 *fill*         0x00036e97        0x1 
 .rodata.gscm_local_db_cache_apply.str1.4
                0x00036e98       0x78 _build/nrf52840_xxaa/gatts_cache_manager.c.o
 .rodata.gscm_service_changed_ind_send.str1.4
                0x00036f10       0x4c _build/nrf52840_xxaa/gatts_cache_manager.c.o
 .rodata.str1.4
                0x00036f5c       0x12 _build/nrf52840_xxaa/gatts_cache_manager.c.o
 *fill*         0x00036f6e        0x2 
 .rodata        0x00036f70       0x10 _build/nrf52840_xxaa/gatts_cache_manager.c.o
 .rodata.service_changed_pending.10988
                0x00036f80        0x4 _build/nrf52840_xxaa/gatts_cache_manager.c.o
 .rodata.service_changed_pending.11045
                0x00036f84        0x4 _build/nrf52840_xxaa/gatts_cache_manager.c.o
 .rodata.str1.4
                0x00036f88       0x10 _build/nrf52840_xxaa/id_manager.c.o
 .rodata.data_length_update.constprop.0.str1.4
                0x00036f98       0xe2 _build/nrf52840_xxaa/nrf_ble_gatt.c.o
 *fill*         0x0003707a        0x2 
 .rodata.nrf_ble_gatt_on_ble_evt.str1.4
                0x0003707c       0x63 _build/nrf52840_xxaa/nrf_ble_gatt.c.o
 *fill*         0x000370df        0x1 
 .rodata.str1.4
                0x000370e0        0xd _build/nrf52840_xxaa/nrf_ble_gatt.c.o
 *fill*         0x000370ed        0x3 
 .rodata.queue_process.str1.4
                0x000370f0       0x66 _build/nrf52840_xxaa/nrf_ble_gq.c.o
 *fill*         0x00037156        0x2 
 .rodata.str1.4
                0x00037158        0xb _build/nrf52840_xxaa/nrf_ble_gq.c.o
 *fill*         0x00037163        0x1 
 .rodata.m_req_data_alloc
                0x00037164       0x18 _build/nrf52840_xxaa/nrf_ble_gq.c.o
 .rodata.peer_data_delete_process.str1.4
                0x0003717c       0x4c _build/nrf52840_xxaa/peer_data_storage.c.o
 .rodata.pds_init.str1.4
                0x000371c8       0x82 _build/nrf52840_xxaa/peer_data_storage.c.o
 *fill*         0x0003724a        0x2 
 .rodata.pds_peer_data_store.str1.4
                0x0003724c       0x56 _build/nrf52840_xxaa/peer_data_storage.c.o
 *fill*         0x000372a2        0x2 
 .rodata.str1.4
                0x000372a4       0x11 _build/nrf52840_xxaa/peer_data_storage.c.o
 *fill*         0x000372b5        0x3 
 .rodata.write_buf_store.str1.4
                0x000372b8       0x6f _build/nrf52840_xxaa/peer_database.c.o
 *fill*         0x00037327        0x1 
 .rodata.pdb_pds_evt_handler.str1.4
                0x00037328       0x60 _build/nrf52840_xxaa/peer_database.c.o
 .rodata.pdb_init.str1.4
                0x00037388       0x1e _build/nrf52840_xxaa/peer_database.c.o
 *fill*         0x000373a6        0x2 
 .rodata.pdb_peer_free.str1.4
                0x000373a8       0x52 _build/nrf52840_xxaa/peer_database.c.o
 *fill*         0x000373fa        0x2 
 .rodata.pdb_write_buf_get.str1.4
                0x000373fc       0x74 _build/nrf52840_xxaa/peer_database.c.o
 .rodata.str1.4
                0x00037470       0x11 _build/nrf52840_xxaa/peer_database.c.o
 *fill*         0x00037481        0x3 
 .rodata.pm_peer_ranks_get.part.0.str1.4
                0x00037484       0x48 _build/nrf52840_xxaa/peer_manager.c.o
 .rodata.pm_init.str1.4
                0x000374cc      0x107 _build/nrf52840_xxaa/peer_manager.c.o
 *fill*         0x000375d3        0x1 
 .rodata.pm_peers_delete.str1.4
                0x000375d4       0x48 _build/nrf52840_xxaa/peer_manager.c.o
 .rodata.pm_peer_rank_highest.str1.4
                0x0003761c       0x40 _build/nrf52840_xxaa/peer_manager.c.o
 .rodata.str1.4
                0x0003765c        0xd _build/nrf52840_xxaa/peer_manager.c.o
 *fill*         0x00037669        0x3 
 .rodata        0x0003766c        0x8 _build/nrf52840_xxaa/peer_manager.c.o
 .rodata.__func__.11368
                0x00037674        0x8 _build/nrf52840_xxaa/peer_manager.c.o
 .rodata.__func__.11554
                0x0003767c       0x10 _build/nrf52840_xxaa/peer_manager.c.o
 .rodata.pm_handler_on_pm_evt.str1.4
                0x0003768c      0x42f _build/nrf52840_xxaa/peer_manager_handler.c.o
                                0x433 (size before relaxing)
 *fill*         0x00037abb        0x1 
 .rodata.pm_handler_flash_clean_on_return.str1.4
                0x00037abc       0xa7 _build/nrf52840_xxaa/peer_manager_handler.c.o
 *fill*         0x00037b63        0x1 
 .rodata.str1.4
                0x00037b64      0x121 _build/nrf52840_xxaa/peer_manager_handler.c.o
 *fill*         0x00037c85        0x3 
 .rodata.m_data_action_str
                0x00037c88        0x8 _build/nrf52840_xxaa/peer_manager_handler.c.o
 .rodata.m_data_id_str
                0x00037c90       0x28 _build/nrf52840_xxaa/peer_manager_handler.c.o
 .rodata.m_roles_str
                0x00037cb8        0xc _build/nrf52840_xxaa/peer_manager_handler.c.o
 .rodata.m_sec_procedure_str
                0x00037cc4        0xc _build/nrf52840_xxaa/peer_manager_handler.c.o
 .rodata.pairing_failure.str1.4
                0x00037cd0       0x69 _build/nrf52840_xxaa/security_dispatcher.c.o
 .rodata.smd_init.str1.4
                0x00037d39       0x6f _build/nrf52840_xxaa/security_dispatcher.c.o
 *fill*         0x00037d39        0x3 
 .rodata.smd_params_reply.str1.4
                0x00037d3c       0xb2 _build/nrf52840_xxaa/security_dispatcher.c.o
 *fill*         0x00037dee        0x2 
 .rodata.smd_ble_evt_handler.str1.4
                0x00037df0      0x1c6 _build/nrf52840_xxaa/security_dispatcher.c.o
 *fill*         0x00037fb6        0x2 
 .rodata.str1.4
                0x00037fb8       0x11 _build/nrf52840_xxaa/security_dispatcher.c.o
 *fill*         0x00037fc9        0x3 
 .rodata.events_send_from_err_code.str1.4
                0x00037fcc      0x123 _build/nrf52840_xxaa/security_manager.c.o
 *fill*         0x000380ef        0x1 
 .rodata.link_secure.str1.4
                0x000380f0       0x55 _build/nrf52840_xxaa/security_manager.c.o
 .rodata.sm_init.str1.4
                0x00038145       0x6f _build/nrf52840_xxaa/security_manager.c.o
 *fill*         0x00038145        0x3 
 .rodata.str1.4
                0x00038148       0x10 _build/nrf52840_xxaa/security_manager.c.o
 .rodata.str1.4
                0x00038158        0x8 _build/nrf52840_xxaa/ble_bas.c.o
 .rodata.str1.4
                0x00038160        0x8 _build/nrf52840_xxaa/nrf_sdh.c.o
 .rodata        0x00038168        0x4 _build/nrf52840_xxaa/nrf_sdh.c.o
 .rodata.sdh_req_observers
                0x0003816c        0xc _build/nrf52840_xxaa/nrf_sdh.c.o
 .rodata.sdh_stack_observers
                0x00038178        0xc _build/nrf52840_xxaa/nrf_sdh.c.o
 .rodata.sdh_state_observers
                0x00038184        0xc _build/nrf52840_xxaa/nrf_sdh.c.o
 .rodata.nrf_sdh_ble_default_cfg_set.str1.4
                0x00038190      0x187 _build/nrf52840_xxaa/nrf_sdh_ble.c.o
 *fill*         0x00038317        0x1 
 .rodata.nrf_sdh_ble_enable.str1.4
                0x00038318       0xad _build/nrf52840_xxaa/nrf_sdh_ble.c.o
 *fill*         0x000383c5        0x3 
 .rodata.str1.4
                0x000383c8        0xc _build/nrf52840_xxaa/nrf_sdh_ble.c.o
 .rodata.sdh_ble_observers
                0x000383d4        0xc _build/nrf52840_xxaa/nrf_sdh_ble.c.o
 .rodata.str1.4
                0x000383e0        0xc _build/nrf52840_xxaa/nrf_sdh_soc.c.o
 .rodata.sdh_soc_observers
                0x000383ec        0xc _build/nrf52840_xxaa/nrf_sdh_soc.c.o
 .rodata.str1.4
                0x000383f8        0x8 _build/nrf52840_xxaa/ble_nus.c.o
 .rodata        0x00038400       0x10 _build/nrf52840_xxaa/ble_nus.c.o
 .rodata._ctype_
                0x00038410      0x101 c:/program files (x86)/gnu tools arm embedded/9 2019-q4-major/bin/../lib/gcc/arm-none-eabi/9.2.1/../../../../arm-none-eabi/lib/thumb/v7e-m+fp/hard\libc_nano.a(lib_a-ctype_.o)
                0x00038410                _ctype_
 *fill*         0x00038511        0x3 
 .rodata._global_impure_ptr
                0x00038514        0x4 c:/program files (x86)/gnu tools arm embedded/9 2019-q4-major/bin/../lib/gcc/arm-none-eabi/9.2.1/../../../../arm-none-eabi/lib/thumb/v7e-m+fp/hard\libc_nano.a(lib_a-impure.o)
                0x00038514                _global_impure_ptr
 *(.eh_frame*)
 .eh_frame      0x00038518        0x0 c:/program files (x86)/gnu tools arm embedded/9 2019-q4-major/bin/../lib/gcc/arm-none-eabi/9.2.1/thumb/v7e-m+fp/hard/crtbegin.o
 .eh_frame      0x00038518        0x4 c:/program files (x86)/gnu tools arm embedded/9 2019-q4-major/bin/../lib/gcc/arm-none-eabi/9.2.1/thumb/v7e-m+fp/hard/crtend.o

.glue_7         0x0003851c        0x0
 .glue_7        0x0003851c        0x0 linker stubs

.glue_7t        0x0003851c        0x0
 .glue_7t       0x0003851c        0x0 linker stubs

.vfp11_veneer   0x0003851c        0x0
 .vfp11_veneer  0x0003851c        0x0 linker stubs

.v4_bx          0x0003851c        0x0
 .v4_bx         0x0003851c        0x0 linker stubs

.iplt           0x0003851c        0x0
 .iplt          0x0003851c        0x0 c:/program files (x86)/gnu tools arm embedded/9 2019-q4-major/bin/../lib/gcc/arm-none-eabi/9.2.1/thumb/v7e-m+fp/hard/crtbegin.o

.mem_section_dummy_rom

.sdh_soc_observers
                0x0003851c       0x10
                0x0003851c                PROVIDE (__start_sdh_soc_observers = .)
 *(SORT_BY_NAME(.sdh_soc_observers*))
 .sdh_soc_observers0
                0x0003851c        0x8 _build/nrf52840_xxaa/nrf_fstorage_sd.c.o
 .sdh_soc_observers0
                0x00038524        0x8 _build/nrf52840_xxaa/nrf_drv_clock.c.o
                0x0003852c                PROVIDE (__stop_sdh_soc_observers = .)

.pwr_mgmt_data  0x0003852c        0x0
                0x0003852c                PROVIDE (__start_pwr_mgmt_data = .)
 *(SORT_BY_NAME(.pwr_mgmt_data*))
                0x0003852c                PROVIDE (__stop_pwr_mgmt_data = .)

.sdh_ble_observers
                0x0003852c       0x60
                0x0003852c                PROVIDE (__start_sdh_ble_observers = .)
 *(SORT_BY_NAME(.sdh_ble_observers*))
 .sdh_ble_observers0
                0x0003852c        0x8 _build/nrf52840_xxaa/ble_conn_state.c.o
 .sdh_ble_observers1
                0x00038534        0x8 _build/nrf52840_xxaa/bsp_btn_ble.c.o
 .sdh_ble_observers1
                0x0003853c       0x18 _build/nrf52840_xxaa/main.c.o
 .sdh_ble_observers1
                0x00038554        0x8 _build/nrf52840_xxaa/ble_conn_params.c.o
 .sdh_ble_observers1
                0x0003855c        0x8 _build/nrf52840_xxaa/peer_manager.c.o
 .sdh_ble_observers2
                0x00038564       0x20 _build/nrf52840_xxaa/main.c.o
 .sdh_ble_observers3
                0x00038584        0x8 _build/nrf52840_xxaa/main.c.o
                0x0003858c                PROVIDE (__stop_sdh_ble_observers = .)

.nrf_queue      0x0003858c       0x14
                [!provide]                PROVIDE (__start_nrf_queue = .)
 *(.nrf_queue)
 .nrf_queue     0x0003858c       0x14 _build/nrf52840_xxaa/main.c.o
                0x0003858c                m_ble_gatt_queuepurge_queue
                [!provide]                PROVIDE (__stop_nrf_queue = .)

.sdh_state_observers
                0x000385a0       0x10
                0x000385a0                PROVIDE (__start_sdh_state_observers = .)
 *(SORT_BY_NAME(.sdh_state_observers*))
 .sdh_state_observers0
                0x000385a0        0x8 _build/nrf52840_xxaa/nrf_fstorage_sd.c.o
 .sdh_state_observers0
                0x000385a8        0x8 _build/nrf52840_xxaa/nrf_drv_clock.c.o
                0x000385b0                PROVIDE (__stop_sdh_state_observers = .)

.sdh_stack_observers
                0x000385b0       0x10
                0x000385b0                PROVIDE (__start_sdh_stack_observers = .)
 *(SORT_BY_NAME(.sdh_stack_observers*))
 .sdh_stack_observers0
                0x000385b0        0x8 _build/nrf52840_xxaa/nrf_sdh_ble.c.o
 .sdh_stack_observers0
                0x000385b8        0x8 _build/nrf52840_xxaa/nrf_sdh_soc.c.o
                0x000385c0                PROVIDE (__stop_sdh_stack_observers = .)

.sdh_req_observers
                0x000385c0        0x8
                0x000385c0                PROVIDE (__start_sdh_req_observers = .)
 *(SORT_BY_NAME(.sdh_req_observers*))
 .sdh_req_observers0
                0x000385c0        0x8 _build/nrf52840_xxaa/nrf_fstorage_sd.c.o
                0x000385c0                m_req_obs
                0x000385c8                PROVIDE (__stop_sdh_req_observers = .)

.nrf_balloc     0x000385c8       0x28
                [!provide]                PROVIDE (__start_nrf_balloc = .)
 *(.nrf_balloc)
 .nrf_balloc    0x000385c8       0x14 _build/nrf52840_xxaa/nrf_log_frontend.c.o
                0x000385c8                log_mempool
 .nrf_balloc    0x000385dc       0x14 _build/nrf52840_xxaa/main.c.o
                0x000385dc                m_ble_gatt_queuepool
                [!provide]                PROVIDE (__stop_nrf_balloc = .)

.cli_command    0x000385f0        0x0
                [!provide]                PROVIDE (__start_cli_command = .)
 *(.cli_command)
                [!provide]                PROVIDE (__stop_cli_command = .)

.crypto_data    0x000385f0        0x0
                [!provide]                PROVIDE (__start_crypto_data = .)
 *(SORT_BY_NAME(.crypto_data*))
                [!provide]                PROVIDE (__stop_crypto_data = .)

.log_const_data
                0x000385f0       0xe0
                0x000385f0                PROVIDE (__start_log_const_data = .)
 *(SORT_BY_NAME(.log_const_data*))
 .log_const_data_CLOCK
                0x000385f0        0x8 _build/nrf52840_xxaa/nrfx_clock.c.o
                0x000385f0                m_nrf_log_CLOCK_logs_data_const
 .log_const_data_GPIOTE
                0x000385f8        0x8 _build/nrf52840_xxaa/nrfx_gpiote.c.o
                0x000385f8                m_nrf_log_GPIOTE_logs_data_const
 .log_const_data_PRS
                0x00038600        0x8 _build/nrf52840_xxaa/nrfx_prs.c.o
                0x00038600                m_nrf_log_PRS_logs_data_const
 .log_const_data_UART
                0x00038608        0x8 _build/nrf52840_xxaa/nrfx_uart.c.o
                0x00038608                m_nrf_log_UART_logs_data_const
 .log_const_data_UARTE
                0x00038610        0x8 _build/nrf52840_xxaa/nrfx_uarte.c.o
                0x00038610                m_nrf_log_UARTE_logs_data_const
 .log_const_data_app
                0x00038618        0x8 _build/nrf52840_xxaa/nrf_log_frontend.c.o
                0x00038618                m_nrf_log_app_logs_data_const
 .log_const_data_app_button
                0x00038620        0x8 _build/nrf52840_xxaa/app_button.c.o
                0x00038620                m_nrf_log_app_button_logs_data_const
 .log_const_data_app_timer
                0x00038628        0x8 _build/nrf52840_xxaa/app_timer2.c.o
                0x00038628                m_nrf_log_app_timer_logs_data_const
 .log_const_data_ble_bas
                0x00038630        0x8 _build/nrf52840_xxaa/ble_bas.c.o
                0x00038630                m_nrf_log_ble_bas_logs_data_const
 .log_const_data_ble_nus
                0x00038638        0x8 _build/nrf52840_xxaa/ble_nus.c.o
                0x00038638                m_nrf_log_ble_nus_logs_data_const
 .log_const_data_clock
                0x00038640        0x8 _build/nrf52840_xxaa/nrf_drv_clock.c.o
                0x00038640                m_nrf_log_clock_logs_data_const
 .log_const_data_nrf_ble_gatt
                0x00038648        0x8 _build/nrf52840_xxaa/nrf_ble_gatt.c.o
                0x00038648                m_nrf_log_nrf_ble_gatt_logs_data_const
 .log_const_data_nrf_ble_gq
                0x00038650        0x8 _build/nrf52840_xxaa/nrf_ble_gq.c.o
                0x00038650                m_nrf_log_nrf_ble_gq_logs_data_const
 .log_const_data_nrf_fstorage
                0x00038658        0x8 _build/nrf52840_xxaa/nrf_fstorage.c.o
                0x00038658                m_nrf_log_nrf_fstorage_logs_data_const
 .log_const_data_nrf_sdh
                0x00038660        0x8 _build/nrf52840_xxaa/nrf_sdh.c.o
                0x00038660                m_nrf_log_nrf_sdh_logs_data_const
 .log_const_data_nrf_sdh_ble
                0x00038668        0x8 _build/nrf52840_xxaa/nrf_sdh_ble.c.o
                0x00038668                m_nrf_log_nrf_sdh_ble_logs_data_const
 .log_const_data_nrf_sdh_soc
                0x00038670        0x8 _build/nrf52840_xxaa/nrf_sdh_soc.c.o
                0x00038670                m_nrf_log_nrf_sdh_soc_logs_data_const
 .log_const_data_peer_manager
                0x00038678        0x8 _build/nrf52840_xxaa/peer_manager.c.o
                0x00038678                m_nrf_log_peer_manager_logs_data_const
 .log_const_data_peer_manager_gcm
                0x00038680        0x8 _build/nrf52840_xxaa/gatt_cache_manager.c.o
                0x00038680                m_nrf_log_peer_manager_gcm_logs_data_const
 .log_const_data_peer_manager_gscm
                0x00038688        0x8 _build/nrf52840_xxaa/gatts_cache_manager.c.o
                0x00038688                m_nrf_log_peer_manager_gscm_logs_data_const
 .log_const_data_peer_manager_handler
                0x00038690        0x8 _build/nrf52840_xxaa/peer_manager_handler.c.o
                0x00038690                m_nrf_log_peer_manager_handler_logs_data_const
 .log_const_data_peer_manager_im
                0x00038698        0x8 _build/nrf52840_xxaa/id_manager.c.o
                0x00038698                m_nrf_log_peer_manager_im_logs_data_const
 .log_const_data_peer_manager_pdb
                0x000386a0        0x8 _build/nrf52840_xxaa/peer_database.c.o
                0x000386a0                m_nrf_log_peer_manager_pdb_logs_data_const
 .log_const_data_peer_manager_pds
                0x000386a8        0x8 _build/nrf52840_xxaa/peer_data_storage.c.o
                0x000386a8                m_nrf_log_peer_manager_pds_logs_data_const
 .log_const_data_peer_manager_sm
                0x000386b0        0x8 _build/nrf52840_xxaa/security_manager.c.o
                0x000386b0                m_nrf_log_peer_manager_sm_logs_data_const
 .log_const_data_peer_manager_smd
                0x000386b8        0x8 _build/nrf52840_xxaa/security_dispatcher.c.o
                0x000386b8                m_nrf_log_peer_manager_smd_logs_data_const
 .log_const_data_pwr_mgmt
                0x000386c0        0x8 _build/nrf52840_xxaa/nrf_pwr_mgmt.c.o
                0x000386c0                m_nrf_log_pwr_mgmt_logs_data_const
 .log_const_data_sortlist
                0x000386c8        0x8 _build/nrf52840_xxaa/nrf_sortlist.c.o
                0x000386c8                m_nrf_log_sortlist_logs_data_const
                0x000386d0                PROVIDE (__stop_log_const_data = .)
